Component: ARM Compiler 5.06 update 6 (build 750) Tool: armlink [4d35ed]

==============================================================================

Section Cross References

    main.o(i.main) refers to systick_time.o(i.systick_init) for systick_init
    main.o(i.main) refers to gp_drive.o(i.Digital_Input) for Digital_Input
    main.o(i.main) refers to oled_drive.o(i.oled_init_64) for oled_init_64
    main.o(i.main) refers to oled_drive.o(i.oled_blank) for oled_blank
    main.o(i.main) refers to data_logger.o(i.logger_init) for logger_init
    main.o(i.main) refers to data_logger.o(i.logger_oled_tot_rec) for logger_oled_tot_rec
    main.o(i.main) refers to data_logger.o(i.logger_oled_rec_progress) for logger_oled_rec_progress
    main.o(i.main) refers to data_logger.o(i.get_total_records) for get_total_records
    main.o(i.main) refers to data_logger.o(i.logger_oled_display_time) for logger_oled_display_time
    main.o(i.main) refers to data_logger.o(i.logger_oled_display_date) for logger_oled_display_date
    main.o(i.main) refers to oled_drive.o(i.oled_msg) for oled_msg
    main.o(i.main) refers to main.o(i.reset) for reset
    main.o(i.main) refers to data_logger.o(i.logger_reset) for logger_reset
    main.o(i.main) refers to systick_time.o(i.DelayMs) for DelayMs
    main.o(i.main) refers to main.o(i.record) for record
    main.o(i.main) refers to data_logger.o(i.logger_time_rec) for logger_time_rec
    main.o(i.main) refers to main.o(i.prev) for prev
    main.o(i.main) refers to main.o(i.next) for next
    main.o(i.main) refers to main.o(.data) for info_msg
    main.o(i.next) refers to gp_drive.o(i.R_GP) for R_GP
    main.o(i.prev) refers to gp_drive.o(i.R_GP) for R_GP
    main.o(i.record) refers to gp_drive.o(i.R_GP) for R_GP
    main.o(i.reset) refers to gp_drive.o(i.R_GP) for R_GP
    at24c_drive.o(i.AT24C_add) refers to i2c_drive.o(i.i2c_add) for i2c_add
    at24c_drive.o(i.AT24C_load_byte) refers to i2c_drive.o(i.i2c_start) for i2c_start
    at24c_drive.o(i.AT24C_load_byte) refers to at24c_drive.o(i.AT24C_add) for AT24C_add
    at24c_drive.o(i.AT24C_load_byte) refers to i2c_drive.o(i.i2c_data) for i2c_data
    at24c_drive.o(i.AT24C_load_byte) refers to i2c_drive.o(i.i2c_rx) for i2c_rx
    at24c_drive.o(i.AT24C_load_byte) refers to i2c_drive.o(i.i2c_stop) for i2c_stop
    at24c_drive.o(i.AT24C_load_byte) refers to systick_time.o(i.DelayMs) for DelayMs
    at24c_drive.o(i.AT24C_load_page) refers to i2c_drive.o(i.i2c_start) for i2c_start
    at24c_drive.o(i.AT24C_load_page) refers to at24c_drive.o(i.AT24C_add) for AT24C_add
    at24c_drive.o(i.AT24C_load_page) refers to i2c_drive.o(i.i2c_data) for i2c_data
    at24c_drive.o(i.AT24C_load_page) refers to i2c_drive.o(i.i2c_rx) for i2c_rx
    at24c_drive.o(i.AT24C_load_page) refers to i2c_drive.o(i.i2c_stop) for i2c_stop
    at24c_drive.o(i.AT24C_load_page) refers to systick_time.o(i.DelayMs) for DelayMs
    at24c_drive.o(i.AT24C_save_byte) refers to i2c_drive.o(i.i2c_start) for i2c_start
    at24c_drive.o(i.AT24C_save_byte) refers to at24c_drive.o(i.AT24C_add) for AT24C_add
    at24c_drive.o(i.AT24C_save_byte) refers to i2c_drive.o(i.i2c_data) for i2c_data
    at24c_drive.o(i.AT24C_save_byte) refers to i2c_drive.o(i.i2c_stop) for i2c_stop
    at24c_drive.o(i.AT24C_save_byte) refers to systick_time.o(i.DelayMs) for DelayMs
    at24c_drive.o(i.AT24C_save_page) refers to i2c_drive.o(i.i2c_start) for i2c_start
    at24c_drive.o(i.AT24C_save_page) refers to at24c_drive.o(i.AT24C_add) for AT24C_add
    at24c_drive.o(i.AT24C_save_page) refers to i2c_drive.o(i.i2c_data) for i2c_data
    at24c_drive.o(i.AT24C_save_page) refers to i2c_drive.o(i.i2c_stop) for i2c_stop
    at24c_drive.o(i.AT24C_save_page) refers to systick_time.o(i.DelayMs) for DelayMs
    data_logger.o(i.ATC24_memo_update_2byte) refers to data_logger.o(i.Get_byte) for Get_byte
    data_logger.o(i.ATC24_memo_update_2byte) refers to at24c_drive.o(i.AT24C_save_byte) for AT24C_save_byte
    data_logger.o(i.Get_short) refers to at24c_drive.o(i.AT24C_load_byte) for AT24C_load_byte
    data_logger.o(i.get_date_str) refers to data_logger.o(i.logger_read) for logger_read
    data_logger.o(i.get_date_str) refers to ds3231_drive.o(i.DS3231_Time_Date) for DS3231_Time_Date
    data_logger.o(i.get_time_str) refers to data_logger.o(i.logger_read) for logger_read
    data_logger.o(i.get_time_str) refers to ds3231_drive.o(i.DS3231_Time_Date) for DS3231_Time_Date
    data_logger.o(i.get_total_records) refers to data_logger.o(i.Get_short) for Get_short
    data_logger.o(i.logger_init) refers to at24c_drive.o(i.AT24C_load_byte) for AT24C_load_byte
    data_logger.o(i.logger_init) refers to at24c_drive.o(i.AT24C_save_byte) for AT24C_save_byte
    data_logger.o(i.logger_init) refers to data_logger.o(i.ATC24_memo_update_2byte) for ATC24_memo_update_2byte
    data_logger.o(i.logger_oled_display_date) refers to help_func.o(i.str_empty_len) for str_empty_len
[...]
    ds3231_drive.o(i.DS3231_rx) refers to i2c_drive.o(i.i2c_data) for i2c_data
    ds3231_drive.o(i.DS3231_rx) refers to i2c_drive.o(i.i2c_rx) for i2c_rx
    ds3231_drive.o(i.DS3231_rx) refers to i2c_drive.o(i.i2c_stop) for i2c_stop
    ds3231_drive.o(i.DS3231_tx) refers to i2c_drive.o(i.i2c_start) for i2c_start
    ds3231_drive.o(i.DS3231_tx) refers to ds3231_drive.o(i.DS3231_add) for DS3231_add
    ds3231_drive.o(i.DS3231_tx) refers to i2c_drive.o(i.i2c_data) for i2c_data
    ds3231_drive.o(i.DS3231_tx) refers to i2c_drive.o(i.i2c_stop) for i2c_stop
    ds3231_drive.o(i.DS3231_update_date) refers to ds3231_drive.o(i.DS3231_update_day) for DS3231_update_day
    ds3231_drive.o(i.DS3231_update_date) refers to ds3231_drive.o(i.DS3231_update_month) for DS3231_update_month
    ds3231_drive.o(i.DS3231_update_date) refers to ds3231_drive.o(i.DS3231_update_yr) for DS3231_update_yr
    ds3231_drive.o(i.DS3231_update_date_time) refers to ds3231_drive.o(i.DS3231_update_time) for DS3231_update_time
    ds3231_drive.o(i.DS3231_update_date_time) refers to ds3231_drive.o(i.DS3231_update_date) for DS3231_update_date
    ds3231_drive.o(i.DS3231_update_day) refers to ds3231_drive.o(i.DS3231_converter) for DS3231_converter
    ds3231_drive.o(i.DS3231_update_day) refers to ds3231_drive.o(i.DS3231_tx) for DS3231_tx
    ds3231_drive.o(i.DS3231_update_hrs) refers to ds3231_drive.o(i.DS3231_converter) for DS3231_converter
    ds3231_drive.o(i.DS3231_update_hrs) refers to ds3231_drive.o(i.DS3231_tx) for DS3231_tx
    ds3231_drive.o(i.DS3231_update_min) refers to ds3231_drive.o(i.DS3231_converter) for DS3231_converter
    ds3231_drive.o(i.DS3231_update_min) refers to ds3231_drive.o(i.DS3231_tx) for DS3231_tx
    ds3231_drive.o(i.DS3231_update_month) refers to ds3231_drive.o(i.DS3231_converter) for DS3231_converter
    ds3231_drive.o(i.DS3231_update_month) refers to ds3231_drive.o(i.DS3231_tx) for DS3231_tx
    ds3231_drive.o(i.DS3231_update_sec) refers to ds3231_drive.o(i.DS3231_converter) for DS3231_converter
    ds3231_drive.o(i.DS3231_update_sec) refers to ds3231_drive.o(i.DS3231_tx) for DS3231_tx
    ds3231_drive.o(i.DS3231_update_time) refers to ds3231_drive.o(i.DS3231_update_sec) for DS3231_update_sec
    ds3231_drive.o(i.DS3231_update_time) refers to ds3231_drive.o(i.DS3231_update_min) for DS3231_update_min
    ds3231_drive.o(i.DS3231_update_time) refers to ds3231_drive.o(i.DS3231_update_hrs) for DS3231_update_hrs
    ds3231_drive.o(i.DS3231_update_yr) refers to ds3231_drive.o(i.DS3231_converter) for DS3231_converter
    ds3231_drive.o(i.DS3231_update_yr) refers to ds3231_drive.o(i.DS3231_tx) for DS3231_tx
    ds3231_drive.o(i.int2date) refers to help_func.o(i.len_str) for len_str
    ds3231_drive.o(i.int2date) refers to help_func.o(i.Concatstr) for Concatstr
    ds3231_drive.o(i.int2date) refers to help_func.o(i.int2char) for int2char
    ds3231_drive.o(i.int2date) refers to help_func.o(i.str_empty) for str_empty
    ds3231_drive.o(i.int2time) refers to help_func.o(i.len_str) for len_str
    ds3231_drive.o(i.int2time) refers to help_func.o(i.Concatstr) for Concatstr
    ds3231_drive.o(i.int2time) refers to help_func.o(i.int2char) for int2char
    ds3231_drive.o(i.int2time) refers to help_func.o(i.str_empty) for str_empty
    gp_drive.o(i.BLED) refers to gp_drive.o(i.W_GP) for W_GP
    gp_drive.o(i.B_init) refers to gp_drive.o(i.init_GP) for init_GP
    gp_drive.o(i.Digital_Input) refers to gp_drive.o(i.init_GP) for init_GP
    gp_drive.o(i.Digital_Output) refers to gp_drive.o(i.init_GP) for init_GP
    gp_drive.o(i.toggle_GP) refers to gp_drive.o(i.R_GP) for R_GP
    gp_drive.o(i.toggle_GP) refers to gp_drive.o(i.W_GP) for W_GP
    i2c_drive.o(i.i2c_init) refers to gp_drive.o(i.init_GP) for init_GP
    i2c_drive.o(i.i2c_write) refers to i2c_drive.o(i.i2c_start) for i2c_start
    i2c_drive.o(i.i2c_write) refers to i2c_drive.o(i.i2c_add) for i2c_add
    i2c_drive.o(i.i2c_write) refers to i2c_drive.o(i.i2c_data) for i2c_data
    i2c_drive.o(i.i2c_write) refers to i2c_drive.o(i.i2c_stop) for i2c_stop
    oled_drive.o(i.oled_Data_logger) refers to oled_drive.o(i.oled_msg) for oled_msg
    oled_drive.o(i.oled_Data_logger) refers to help_func.o(i.int2char) for int2char
    oled_drive.o(i.oled_Data_logger) refers to help_func.o(i.str_empty) for str_empty
    oled_drive.o(i.oled_Title_logger) refers to oled_drive.o(i.oled_msg) for oled_msg
    oled_drive.o(i.oled_blank) refers to oled_drive.o(i.oled_pos) for oled_pos
    oled_drive.o(i.oled_blank) refers to oled_drive.o(i.oled_data) for oled_data
    oled_drive.o(i.oled_cmd_1byte) refers to i2c_drive.o(i.i2c_start) for i2c_start
    oled_drive.o(i.oled_cmd_1byte) refers to i2c_drive.o(i.i2c_add) for i2c_add
    oled_drive.o(i.oled_cmd_1byte) refers to i2c_drive.o(i.i2c_data) for i2c_data
    oled_drive.o(i.oled_cmd_1byte) refers to i2c_drive.o(i.i2c_stop) for i2c_stop
    oled_drive.o(i.oled_cmd_2byte) refers to i2c_drive.o(i.i2c_start) for i2c_start
    oled_drive.o(i.oled_cmd_2byte) refers to i2c_drive.o(i.i2c_add) for i2c_add
    oled_drive.o(i.oled_cmd_2byte) refers to i2c_drive.o(i.i2c_data) for i2c_data
    oled_drive.o(i.oled_cmd_2byte) refers to i2c_drive.o(i.i2c_stop) for i2c_stop
    oled_drive.o(i.oled_data) refers to i2c_drive.o(i.i2c_start) for i2c_start
    oled_drive.o(i.oled_data) refers to i2c_drive.o(i.i2c_add) for i2c_add
    oled_drive.o(i.oled_data) refers to i2c_drive.o(i.i2c_data) for i2c_data
    oled_drive.o(i.oled_data) refers to i2c_drive.o(i.i2c_stop) for i2c_stop
    oled_drive.o(i.oled_init) refers to i2c_drive.o(i.i2c_init) for i2c_init
    oled_drive.o(i.oled_init) refers to oled_drive.o(i.oled_cmd_2byte) for oled_cmd_2byte
    oled_drive.o(i.oled_init) refers to oled_drive.o(i.oled_cmd_1byte) for oled_cmd_1byte
    oled_drive.o(i.oled_init_32) refers to oled_drive.o(i.oled_init) for oled_init
    oled_drive.o(i.oled_init_64) refers to oled_drive.o(i.oled_init) for oled_init
    oled_drive.o(i.oled_msg) refers to oled_drive.o(i.oled_pos) for oled_pos
    oled_drive.o(i.oled_msg) refers to oled_drive.o(i.oled_print) for oled_print
    oled_drive.o(i.oled_pos) refers to oled_drive.o(i.oled_cmd_1byte) for oled_cmd_1byte
    oled_drive.o(i.oled_print) refers to oled_drive.o(i.oled_data) for oled_data
    oled_drive.o(i.oled_print) refers to oled_drive.o(.constdata) for ASCII
    oled_drive.o(i.print_buffer) refers to oled_drive.o(i.oled_pos) for oled_pos
    oled_drive.o(i.print_buffer) refers to oled_drive.o(i.oled_data) for oled_data
    oled_drive.o(i.update_str_buffer) refers to oled_drive.o(.constdata) for ASCII
    oled_drive.o(i.update_str_buffer_bit) refers to oled_drive.o(.constdata) for ASCII
    uart_drive.o(i.UART_ISR) refers to uart_drive.o(i.UART_RX) for UART_RX
    uart_drive.o(i.UART_ISR) refers to systick_time.o(i.systick_int_start) for systick_int_start
    uart_drive.o(i.UART_ISR) refers to uart_drive.o(i.UART_TX) for UART_TX
    uart_drive.o(i.UART_SEND) refers to uart_drive.o(i.UART_TX) for UART_TX
    uart_drive.o(i.UART_init) refers to uart_drive.o(i.USART_BRR) for USART_BRR
    uart_drive.o(i.UART_init) refers to gp_drive.o(i.init_GP) for init_GP
    uart_drive.o(i.UART_init) refers to uart_drive.o(i.__NVIC_EnableIRQ) for __NVIC_EnableIRQ
    uart_drive.o(i.UART_msg) refers to uart_drive.o(i.UART_SEND) for UART_SEND
    uart_drive.o(i.USART_BRR) refers to dflt_clz.o(x$fpl$dfltu) for __aeabi_ui2d
    uart_drive.o(i.USART_BRR) refers to ddiv.o(x$fpl$ddiv) for __aeabi_ddiv
    uart_drive.o(i.USART_BRR) refers to daddsub_clz.o(x$fpl$dsub) for __aeabi_dsub
    uart_drive.o(i.USART_BRR) refers to dmul.o(x$fpl$dmul) for __aeabi_dmul
    uart_drive.o(i.USART_BRR) refers to dfixu.o(x$fpl$dfixu) for __aeabi_d2uiz
    uart_drive.o(i.USART_BRR) refers to daddsub_clz.o(x$fpl$drsb) for __aeabi_drsub
    uart_drive.o(i.USART_BRR) refers to drleqf.o(x$fpl$drleqf) for __aeabi_cdrcmple
    startup_stm32f10x_md.o(STACK) refers (Special) to heapauxi.o(.text) for __use_two_region_memory
    startup_stm32f10x_md.o(HEAP) refers (Special) to heapauxi.o(.text) for __use_two_region_memory
    startup_stm32f10x_md.o(RESET) refers (Special) to heapauxi.o(.text) for __use_two_region_memory
    startup_stm32f10x_md.o(RESET) refers to startup_stm32f10x_md.o(STACK) for __initial_sp
    startup_stm32f10x_md.o(RESET) refers to startup_stm32f10x_md.o(.text) for Reset_Handler
    startup_stm32f10x_md.o(.text) refers (Special) to heapauxi.o(.text) for __use_two_region_memory
    startup_stm32f10x_md.o(.text) refers to system_stm32f10x.o(i.SystemInit) for SystemInit
    startup_stm32f10x_md.o(.text) refers to __main.o(!!!main) for __main
    startup_stm32f10x_md.o(.text) refers to startup_stm32f10x_md.o(HEAP) for Heap_Mem
    startup_stm32f10x_md.o(.text) refers to startup_stm32f10x_md.o(STACK) for Stack_Mem
    system_stm32f10x.o(i.SetSysClock) refers to system_stm32f10x.o(i.SetSysClockTo72) for SetSysClockTo72
    system_stm32f10x.o(i.SystemCoreClockUpdate) refers to system_stm32f10x.o(.data) for SystemCoreClock
    system_stm32f10x.o(i.SystemInit) refers to system_stm32f10x.o(i.SetSysClock) for SetSysClock
    __main.o(!!!main) refers to __rtentry.o(.ARM.Collect$$rtentry$$00000000) for __rt_entry
    daddsub_clz.o(x$fpl$dadd) refers (Special) to usenofp.o(x$fpl$usenofp) for __I$use$fp
    daddsub_clz.o(x$fpl$dadd) refers to daddsub_clz.o(x$fpl$dsub) for _dsub1
    daddsub_clz.o(x$fpl$dadd) refers to dretinf.o(x$fpl$dretinf) for __fpl_dretinf
    daddsub_clz.o(x$fpl$dadd) refers to dnaninf.o(x$fpl$dnaninf) for __fpl_dnaninf
    daddsub_clz.o(x$fpl$drsb) refers (Special) to usenofp.o(x$fpl$usenofp) for __I$use$fp
    daddsub_clz.o(x$fpl$drsb) refers to daddsub_clz.o(x$fpl$dadd) for _dadd1
    daddsub_clz.o(x$fpl$drsb) refers to daddsub_clz.o(x$fpl$dsub) for _dsub1
    daddsub_clz.o(x$fpl$dsub) refers (Special) to usenofp.o(x$fpl$usenofp) for __I$use$fp
    daddsub_clz.o(x$fpl$dsub) refers to daddsub_clz.o(x$fpl$dadd) for _dadd1
    daddsub_clz.o(x$fpl$dsub) refers to dnaninf.o(x$fpl$dnaninf) for __fpl_dnaninf
    ddiv.o(x$fpl$drdiv) refers (Special) to usenofp.o(x$fpl$usenofp) for __I$use$fp
    ddiv.o(x$fpl$drdiv) refers to ddiv.o(x$fpl$ddiv) for ddiv_entry
    ddiv.o(x$fpl$ddiv) refers (Special) to usenofp.o(x$fpl$usenofp) for __I$use$fp
    ddiv.o(x$fpl$ddiv) refers to dretinf.o(x$fpl$dretinf) for __fpl_dretinf
    ddiv.o(x$fpl$ddiv) refers to dnaninf.o(x$fpl$dnaninf) for __fpl_dnaninf
    dfixu.o(x$fpl$dfixu) refers (Special) to usenofp.o(x$fpl$usenofp) for __I$use$fp
    dfixu.o(x$fpl$dfixu) refers to dnaninf.o(x$fpl$dnaninf) for __fpl_dnaninf
    dfixu.o(x$fpl$dfixur) refers (Special) to usenofp.o(x$fpl$usenofp) for __I$use$fp
    dfixu.o(x$fpl$dfixur) refers to dnaninf.o(x$fpl$dnaninf) for __fpl_dnaninf
    dflt_clz.o(x$fpl$dfltu) refers (Special) to usenofp.o(x$fpl$usenofp) for __I$use$fp
    dflt_clz.o(x$fpl$dflt) refers (Special) to usenofp.o(x$fpl$usenofp) for __I$use$fp
    dflt_clz.o(x$fpl$dfltn) refers (Special) to usenofp.o(x$fpl$usenofp) for __I$use$fp
    dmul.o(x$fpl$dmul) refers (Special) to usenofp.o(x$fpl$usenofp) for __I$use$fp
    dmul.o(x$fpl$dmul) refers to dretinf.o(x$fpl$dretinf) for __fpl_dretinf
    dmul.o(x$fpl$dmul) refers to dnaninf.o(x$fpl$dnaninf) for __fpl_dnaninf
    drleqf.o(x$fpl$drleqf) refers (Special) to usenofp.o(x$fpl$usenofp) for __I$use$fp
    drleqf.o(x$fpl$drleqf) refers to dleqf.o(x$fpl$dleqf) for __fpl_dcmple_InfNaN
    __rtentry.o(.ARM.Collect$$rtentry$$00000000) refers (Special) to __rtentry2.o(.ARM.Collect$$rtentry$$0000000A) for __rt_entry_li
    __rtentry.o(.ARM.Collect$$rtentry$$00000000) refers (Special) to __rtentry2.o(.ARM.Collect$$rtentry$$0000000D) for __rt_entry_main
    __rtentry.o(.ARM.Collect$$rtentry$$00000000) refers (Special) to __rtentry2.o(.ARM.Collect$$rtentry$$0000000C) for __rt_entry_postli_1
    __rtentry.o(.ARM.Collect$$rtentry$$00000000) refers (Special) to __rtentry2.o(.ARM.Collect$$rtentry$$00000009) for __rt_entry_postsh_1
    __rtentry.o(.ARM.Collect$$rtentry$$00000000) refers (Special) to __rtentry2.o(.ARM.Collect$$rtentry$$00000002) for __rt_entry_presh_1
    __rtentry.o(.ARM.Collect$$rtentry$$00000000) refers (Special) to __rtentry4.o(.ARM.Collect$$rtentry$$00000004) for __rt_entry_sh
    dleqf.o(x$fpl$dleqf) refers (Special) to usenofp.o(x$fpl$usenofp) for __I$use$fp
    dleqf.o(x$fpl$dleqf) refers to dnaninf.o(x$fpl$dnaninf) for __fpl_dnaninf
    dleqf.o(x$fpl$dleqf) refers to dcmpi.o(x$fpl$dcmpinf) for __fpl_dcmp_Inf
    dnaninf.o(x$fpl$dnaninf) refers (Special) to usenofp.o(x$fpl$usenofp) for __I$use$fp
    dretinf.o(x$fpl$dretinf) refers (Special) to usenofp.o(x$fpl$usenofp) for __I$use$fp
    __rtentry2.o(.ARM.Collect$$rtentry$$00000008) refers to boardinit2.o(.text) for _platform_post_stackheap_init
    __rtentry2.o(.ARM.Collect$$rtentry$$0000000A) refers to libinit.o(.ARM.Collect$$libinit$$00000000) for __rt_lib_init
    __rtentry2.o(.ARM.Collect$$rtentry$$0000000B) refers to boardinit3.o(.text) for _platform_post_lib_init
    __rtentry2.o(.ARM.Collect$$rtentry$$0000000D) refers to main.o(i.main) for main
    __rtentry2.o(.ARM.Collect$$rtentry$$0000000D) refers to exit.o(.text) for exit
    __rtentry2.o(.ARM.exidx) refers to __rtentry2.o(.ARM.Collect$$rtentry$$00000001) for .ARM.Collect$$rtentry$$00000001
    __rtentry2.o(.ARM.exidx) refers to __rtentry2.o(.ARM.Collect$$rtentry$$00000008) for .ARM.Collect$$rtentry$$00000008
    __rtentry2.o(.ARM.exidx) refers to __rtentry2.o(.ARM.Collect$$rtentry$$0000000A) for .ARM.Collect$$rtentry$$0000000A
    __rtentry2.o(.ARM.exidx) refers to __rtentry2.o(.ARM.Collect$$rtentry$$0000000B) for .ARM.Collect$$rtentry$$0000000B
    __rtentry2.o(.ARM.exidx) refers to __rtentry2.o(.ARM.Collect$$rtentry$$0000000D) for .ARM.Collect$$rtentry$$0000000D
    __rtentry4.o(.ARM.Collect$$rtentry$$00000004) refers to sys_stackheap_outer.o(.text) for __user_setup_stackheap
    __rtentry4.o(.ARM.exidx) refers to __rtentry4.o(.ARM.Collect$$rtentry$$00000004) for .ARM.Collect$$rtentry$$00000004
    dcmpi.o(x$fpl$dcmpinf) refers (Special) to usenofp.o(x$fpl$usenofp) for __I$use$fp
    sys_stackheap_outer.o(.text) refers to libspace.o(.text) for __user_perproc_libspace
    sys_stackheap_outer.o(.text) refers to startup_stm32f10x_md.o(.text) for __user_initial_stackheap
    exit.o(.text) refers to rtexit.o(.ARM.Collect$$rtexit$$00000000) for __rt_exit
    libinit.o(.ARM.Collect$$libinit$$00000000) refers (Special) to libinit2.o(.ARM.Collect$$libinit$$0000002E) for __rt_lib_init_alloca_1
    libinit.o(.ARM.Collect$$libinit$$00000000) refers (Special) to libinit2.o(.ARM.Collect$$libinit$$0000002C) for __rt_lib_init_argv_1
    libinit.o(.ARM.Collect$$libinit$$00000000) refers (Special) to libinit2.o(.ARM.Collect$$libinit$$0000001B) for __rt_lib_init_atexit_1
    libinit.o(.ARM.Collect$$libinit$$00000000) refers (Special) to libinit2.o(.ARM.Collect$$libinit$$00000021) for __rt_lib_init_clock_1
    libinit.o(.ARM.Collect$$libinit$$00000000) refers (Special) to libinit2.o(.ARM.Collect$$libinit$$00000032) for __rt_lib_init_cpp_1
    libinit.o(.ARM.Collect$$libinit$$00000000) refers (Special) to libinit2.o(.ARM.Collect$$libinit$$00000030) for __rt_lib_init_exceptions_1
    libinit.o(.ARM.Collect$$libinit$$00000000) refers (Special) to libinit2.o(.ARM.Collect$$libinit$$00000002) for __rt_lib_init_fp_1
    libinit.o(.ARM.Collect$$libinit$$00000000) refers (Special) to libinit2.o(.ARM.Collect$$libinit$$0000001F) for __rt_lib_init_fp_trap_1
    libinit.o(.ARM.Collect$$libinit$$00000000) refers (Special) to libinit2.o(.ARM.Collect$$libinit$$00000023) for __rt_lib_init_getenv_1
    libinit.o(.ARM.Collect$$libinit$$00000000) refers (Special) to libinit2.o(.ARM.Collect$$libinit$$0000000A) for __rt_lib_init_heap_1
    libinit.o(.ARM.Collect$$libinit$$00000000) refers (Special) to libinit2.o(.ARM.Collect$$libinit$$00000011) for __rt_lib_init_lc_collate_1
    libinit.o(.ARM.Collect$$libinit$$00000000) refers (Special) to libinit2.o(.ARM.Collect$$libinit$$00000013) for __rt_lib_init_lc_ctype_1
    libinit.o(.ARM.Collect$$libinit$$00000000) refers (Special) to libinit2.o(.ARM.Collect$$libinit$$00000015) for __rt_lib_init_lc_monetary_1
    libinit.o(.ARM.Collect$$libinit$$00000000) refers (Special) to libinit2.o(.ARM.Collect$$libinit$$00000017) for __rt_lib_init_lc_numeric_1
    libinit.o(.ARM.Collect$$libinit$$00000000) refers (Special) to libinit2.o(.ARM.Collect$$libinit$$00000019) for __rt_lib_init_lc_time_1
    libinit.o(.ARM.Collect$$libinit$$00000000) refers (Special) to libinit2.o(.ARM.Collect$$libinit$$00000004) for __rt_lib_init_preinit_1
    libinit.o(.ARM.Collect$$libinit$$00000000) refers (Special) to libinit2.o(.ARM.Collect$$libinit$$0000000E) for __rt_lib_init_rand_1
    libinit.o(.ARM.Collect$$libinit$$00000000) refers (Special) to libinit2.o(.ARM.Collect$$libinit$$00000033) for __rt_lib_init_return
    libinit.o(.ARM.Collect$$libinit$$00000000) refers (Special) to libinit2.o(.ARM.Collect$$libinit$$0000001D) for __rt_lib_init_signal_1
    libinit.o(.ARM.Collect$$libinit$$00000000) refers (Special) to libinit2.o(.ARM.Collect$$libinit$$00000025) for __rt_lib_init_stdio_1
    libinit.o(.ARM.Collect$$libinit$$00000000) refers (Special) to libinit2.o(.ARM.Collect$$libinit$$0000000C) for __rt_lib_init_user_alloc_1
    libspace.o(.text) refers to libspace.o(.bss) for __libspace_start
    rtexit.o(.ARM.Collect$$rtexit$$00000000) refers (Special) to rtexit2.o(.ARM.Collect$$rtexit$$00000004) for __rt_exit_exit
    rtexit.o(.ARM.Collect$$rtexit$$00000000) refers (Special) to rtexit2.o(.ARM.Collect$$rtexit$$00000003) for __rt_exit_ls
    rtexit.o(.ARM.Collect$$rtexit$$00000000) refers (Special) to rtexit2.o(.ARM.Collect$$rtexit$$00000002) for __rt_exit_prels_1
    rtexit.o(.ARM.exidx) refers (Special) to rtexit2.o(.ARM.Collect$$rtexit$$00000004) for __rt_exit_exit
    rtexit.o(.ARM.exidx) refers (Special) to rtexit2.o(.ARM.Collect$$rtexit$$00000003) for __rt_exit_ls
    rtexit.o(.ARM.exidx) refers (Special) to rtexit2.o(.ARM.Collect$$rtexit$$00000002) for __rt_exit_prels_1
    rtexit.o(.ARM.exidx) refers to rtexit.o(.ARM.Collect$$rtexit$$00000000) for .ARM.Collect$$rtexit$$00000000
    libinit2.o(.ARM.Collect$$libinit$$00000010) refers to libinit2.o(.ARM.Collect$$libinit$$0000000F) for .ARM.Collect$$libinit$$0000000F
    libinit2.o(.ARM.Collect$$libinit$$00000012) refers to libinit2.o(.ARM.Collect$$libinit$$0000000F) for .ARM.Collect$$libinit$$0000000F
    libinit2.o(.ARM.Collect$$libinit$$00000014) refers to libinit2.o(.ARM.Collect$$libinit$$0000000F) for .ARM.Collect$$libinit$$0000000F
    libinit2.o(.ARM.Collect$$libinit$$00000016) refers to libinit2.o(.ARM.Collect$$libinit$$0000000F) for .ARM.Collect$$libinit$$0000000F
    libinit2.o(.ARM.Collect$$libinit$$00000018) refers to libinit2.o(.ARM.Collect$$libinit$$0000000F) for .ARM.Collect$$libinit$$0000000F
    libinit2.o(.ARM.Collect$$libinit$$00000026) refers to argv_veneer.o(.emb_text) for __ARM_argv_veneer
    libinit2.o(.ARM.Collect$$libinit$$00000027) refers to argv_veneer.o(.emb_text) for __ARM_argv_veneer
    rtexit2.o(.ARM.Collect$$rtexit$$00000003) refers to libshutdown.o(.ARM.Collect$$libshutdown$$00000000) for __rt_lib_shutdown
    rtexit2.o(.ARM.Collect$$rtexit$$00000004) refers to sys_exit.o(.text) for _sys_exit
    rtexit2.o(.ARM.exidx) refers to rtexit2.o(.ARM.Collect$$rtexit$$00000001) for .ARM.Collect$$rtexit$$00000001
    rtexit2.o(.ARM.exidx) refers to rtexit2.o(.ARM.Collect$$rtexit$$00000003) for .ARM.Collect$$rtexit$$00000003
    rtexit2.o(.ARM.exidx) refers to rtexit2.o(.ARM.Collect$$rtexit$$00000004) for .ARM.Collect$$rtexit$$00000004
    argv_veneer.o(.emb_text) refers to no_argv.o(.text) for __ARM_get_argv
    sys_exit.o(.text) refers (Special) to use_no_semi.o(.text) for __I$use$semihosting
    sys_exit.o(.text) refers (Special) to indicate_semi.o(.text) for __semihosting_library_function
    _get_argv_nomalloc.o(.text) refers (Special) to hrguard.o(.text) for __heap_region$guard
    _get_argv_nomalloc.o(.text) refers to defsig_rtmem_outer.o(.text) for __rt_SIGRTMEM
    _get_argv_nomalloc.o(.text) refers to sys_command.o(.text) for _sys_command_string
    libshutdown.o(.ARM.Collect$$libshutdown$$00000000) refers (Special) to libshutdown2.o(.ARM.Collect$$libshutdown$$00000002) for __rt_lib_shutdown_cpp_1
    libshutdown.o(.ARM.Collect$$libshutdown$$00000000) refers (Special) to libshutdown2.o(.ARM.Collect$$libshutdown$$00000007) for __rt_lib_shutdown_fp_trap_1
    libshutdown.o(.ARM.Collect$$libshutdown$$00000000) refers (Special) to libshutdown2.o(.ARM.Collect$$libshutdown$$0000000F) for __rt_lib_shutdown_heap_1
    libshutdown.o(.ARM.Collect$$libshutdown$$00000000) refers (Special) to libshutdown2.o(.ARM.Collect$$libshutdown$$00000010) for __rt_lib_shutdown_return
    libshutdown.o(.ARM.Collect$$libshutdown$$00000000) refers (Special) to libshutdown2.o(.ARM.Collect$$libshutdown$$0000000A) for __rt_lib_shutdown_signal_1
    libshutdown.o(.ARM.Collect$$libshutdown$$00000000) refers (Special) to libshutdown2.o(.ARM.Collect$$libshutdown$$00000004) for __rt_lib_shutdown_stdio_1
    libshutdown.o(.ARM.Collect$$libshutdown$$00000000) refers (Special) to libshutdown2.o(.ARM.Collect$$libshutdown$$0000000C) for __rt_lib_shutdown_user_alloc_1
    sys_command.o(.text) refers (Special) to use_no_semi.o(.text) for __I$use$semihosting
    sys_command.o(.text) refers (Special) to indicate_semi.o(.text) for __semihosting_library_function
    defsig_rtmem_outer.o(.text) refers to defsig_rtmem_inner.o(.text) for __rt_SIGRTMEM_inner
    defsig_rtmem_outer.o(.text) refers to defsig_exit.o(.text) for __sig_exit
    defsig_rtmem_formal.o(.text) refers to rt_raise.o(.text) for __rt_raise
    rt_raise.o(.text) refers to __raise.o(.text) for __raise
    rt_raise.o(.text) refers to sys_exit.o(.text) for _sys_exit
    defsig_exit.o(.text) refers to sys_exit.o(.text) for _sys_exit
    defsig_rtmem_inner.o(.text) refers to defsig_general.o(.text) for __default_signal_display
    __raise.o(.text) refers to defsig.o(CL$$defsig) for __default_signal_handler
    defsig_general.o(.text) refers to sys_wrch.o(.text) for _ttywrch
    sys_wrch.o(.text) refers (Special) to use_no_semi.o(.text) for __I$use$semihosting
    sys_wrch.o(.text) refers (Special) to indicate_semi.o(.text) for __semihosting_library_function
    defsig.o(CL$$defsig) refers to defsig_rtmem_inner.o(.text) for __rt_SIGRTMEM_inner
    defsig_abrt_inner.o(.text) refers to defsig_general.o(.text) for __default_signal_display
    defsig_fpe_inner.o(.text) refers to defsig_general.o(.text) for __default_signal_display
    defsig_rtred_inner.o(.text) refers to defsig_general.o(.text) for __default_signal_display
    defsig_stak_inner.o(.text) refers to defsig_general.o(.text) for __default_signal_display
    defsig_pvfn_inner.o(.text) refers to defsig_general.o(.text) for __default_signal_display
    defsig_cppl_inner.o(.text) refers to defsig_general.o(.text) for __default_signal_display
    defsig_segv_inner.o(.text) refers to defsig_general.o(.text) for __default_signal_display
    defsig_other.o(.text) refers to defsig_general.o(.text) for __default_signal_display


==============================================================================

Removing Unused input sections from the image.

    Removing main.o(.rev16_text), (4 bytes).
    Removing main.o(.revsh_text), (4 bytes).
    Removing main.o(.rrx_text), (6 bytes).
    Removing main.o(.constdata), (480 bytes).
    Removing at24c_drive.o(.rev16_text), (4 bytes).
    Removing at24c_drive.o(.revsh_text), (4 bytes).
    Removing at24c_drive.o(.rrx_text), (6 bytes).
    Removing data_logger.o(.rev16_text), (4 bytes).
    Removing data_logger.o(.revsh_text), (4 bytes).
    Removing data_logger.o(.rrx_text), (6 bytes).
    Removing data_logger.o(.constdata), (480 bytes).
    Removing data_logger.o(.data), (3974 bytes).
    Removing help_func.o(i.char2int), (100 bytes).
    Removing help_func.o(i.find_str), (120 bytes).
    Removing help_func.o(i.find_strL), (50 bytes).
    Removing systick_time.o(.rev16_text), (4 bytes).
    Removing systick_time.o(.revsh_text), (4 bytes).
    Removing systick_time.o(.rrx_text), (6 bytes).
    Removing systick_time.o(i.DelayUs), (18 bytes).
    Removing systick_time.o(i.Delaymicro), (30 bytes).
    Removing systick_time.o(i.systick_int), (108 bytes).
    Removing systick_time.o(i.systick_int_start), (36 bytes).
    Removing ds3231_drive.o(.rev16_text), (4 bytes).
    Removing ds3231_drive.o(.revsh_text), (4 bytes).
    Removing ds3231_drive.o(.rrx_text), (6 bytes).
    Removing ds3231_drive.o(i.DS3231_converter), (32 bytes).
    Removing ds3231_drive.o(i.DS3231_tx), (46 bytes).
    Removing ds3231_drive.o(i.DS3231_update_date), (40 bytes).
    Removing ds3231_drive.o(i.DS3231_update_date_time), (48 bytes).
    Removing ds3231_drive.o(i.DS3231_update_day), (26 bytes).
    Removing ds3231_drive.o(i.DS3231_update_hrs), (26 bytes).
    Removing ds3231_drive.o(i.DS3231_update_min), (26 bytes).
    Removing ds3231_drive.o(i.DS3231_update_month), (26 bytes).
    Removing ds3231_drive.o(i.DS3231_update_sec), (26 bytes).
    Removing ds3231_drive.o(i.DS3231_update_time), (40 bytes).
    Removing ds3231_drive.o(i.DS3231_update_yr), (26 bytes).
    Removing gp_drive.o(.rev16_text), (4 bytes).
    Removing gp_drive.o(.revsh_text), (4 bytes).
    Removing gp_drive.o(.rrx_text), (6 bytes).
    Removing gp_drive.o(i.BLED), (16 bytes).
    Removing gp_drive.o(i.B_init), (16 bytes).
    Removing gp_drive.o(i.Digital_Output), (20 bytes).
    Removing gp_drive.o(i.PINc), (40 bytes).
    Removing gp_drive.o(i.W_GP), (80 bytes).
    Removing gp_drive.o(i.toggle_GP), (40 bytes).
    Removing i2c_drive.o(.rev16_text), (4 bytes).
    Removing i2c_drive.o(.revsh_text), (4 bytes).
    Removing i2c_drive.o(.rrx_text), (6 bytes).
    Removing i2c_drive.o(i.i2c_write), (52 bytes).
    Removing i2c_drive.o(.constdata), (480 bytes).
    Removing i2c_drive.o(.data), (3974 bytes).
    Removing oled_drive.o(.rev16_text), (4 bytes).
    Removing oled_drive.o(.revsh_text), (4 bytes).
    Removing oled_drive.o(.rrx_text), (6 bytes).
    Removing oled_drive.o(i.clear_buffer), (34 bytes).
    Removing oled_drive.o(i.oled_Data_logger), (60 bytes).
    Removing oled_drive.o(i.oled_Title_logger), (22 bytes).
    Removing oled_drive.o(i.oled_init_32), (14 bytes).
    Removing oled_drive.o(i.print_buffer), (54 bytes).
    Removing oled_drive.o(i.update_buffer), (138 bytes).
    Removing oled_drive.o(i.update_buffer_bit), (504 bytes).
    Removing oled_drive.o(i.update_str_buffer), (116 bytes).
    Removing oled_drive.o(i.update_str_buffer_bit), (968 bytes).
    Removing oled_drive.o(.data), (3974 bytes).
    Removing uart_drive.o(.rev16_text), (4 bytes).
    Removing uart_drive.o(.revsh_text), (4 bytes).
    Removing uart_drive.o(.rrx_text), (6 bytes).
    Removing uart_drive.o(i.UART_ISR), (88 bytes).
    Removing uart_drive.o(i.UART_RX), (96 bytes).
    Removing uart_drive.o(i.UART_SEND), (28 bytes).
    Removing uart_drive.o(i.UART_TX), (88 bytes).
    Removing uart_drive.o(i.UART_init), (340 bytes).
    Removing uart_drive.o(i.UART_msg), (56 bytes).
    Removing uart_drive.o(i.USART_BRR), (216 bytes).
    Removing uart_drive.o(i.__NVIC_EnableIRQ), (34 bytes).
    Removing system_stm32f10x.o(.rev16_text), (4 bytes).
    Removing system_stm32f10x.o(.revsh_text), (4 bytes).
    Removing system_stm32f10x.o(.rrx_text), (6 bytes).
    Removing system_stm32f10x.o(i.SystemCoreClockUpdate), (164 bytes).
    Removing system_stm32f10x.o(.data), (20 bytes).

80 unused section(s) (total 17630 bytes) removed from the image.

==============================================================================

Image Symbol Table

    Local Symbols

    Symbol Name                              Value     Ov Type        Size  Object(Section)

    ../clib/angel/boardlib.s                 0x00000000   Number         0  boardshut.o ABSOLUTE
    ../clib/angel/boardlib.s                 0x00000000   Number         0  boardinit1.o ABSOLUTE
    ../clib/angel/boardlib.s                 0x00000000   Number         0  boardinit2.o ABSOLUTE
    ../clib/angel/boardlib.s                 0x00000000   Number         0  boardinit3.o ABSOLUTE
    ../clib/angel/dczerorl2.s                0x00000000   Number         0  __dczerorl2.o ABSOLUTE
    ../clib/angel/handlers.s                 0x00000000   Number         0  __scatter_zi.o ABSOLUTE
    ../clib/angel/kernel.s                   0x00000000   Number         0  rtexit2.o ABSOLUTE
    ../clib/angel/kernel.s                   0x00000000   Number         0  __rtentry2.o ABSOLUTE
    ../clib/angel/kernel.s                   0x00000000   Number         0  __rtentry4.o ABSOLUTE
    ../clib/angel/kernel.s                   0x00000000   Number         0  rtexit.o ABSOLUTE
    ../clib/angel/kernel.s                   0x00000000   Number         0  __rtentry.o ABSOLUTE
    ../clib/angel/rt.s                       0x00000000   Number         0  rt_raise.o ABSOLUTE
    ../clib/angel/scatter.s                  0x00000000   Number         0  __scatter.o ABSOLUTE
    ../clib/angel/startup.s                  0x00000000   Number         0  __main.o ABSOLUTE
    ../clib/angel/sys.s                      0x00000000   Number         0  sys_stackheap_outer.o ABSOLUTE
    ../clib/angel/sys.s                      0x00000000   Number         0  libspace.o ABSOLUTE
    ../clib/angel/sys.s                      0x00000000   Number         0  use_no_semi.o ABSOLUTE
    ../clib/angel/sys.s                      0x00000000   Number         0  indicate_semi.o ABSOLUTE
    ../clib/angel/sysapp.c                   0x00000000   Number         0  sys_exit.o ABSOLUTE
    ../clib/angel/sysapp.c                   0x00000000   Number         0  sys_command.o ABSOLUTE
    ../clib/angel/sysapp.c                   0x00000000   Number         0  sys_wrch.o ABSOLUTE
    ../clib/armsys.c                         0x00000000   Number         0  argv_veneer.o ABSOLUTE
    ../clib/armsys.c                         0x00000000   Number         0  argv_veneer.o ABSOLUTE
    ../clib/armsys.c                         0x00000000   Number         0  _get_argv_nomalloc.o ABSOLUTE
    ../clib/armsys.c                         0x00000000   Number         0  no_argv.o ABSOLUTE
    ../clib/heapalloc.c                      0x00000000   Number         0  hrguard.o ABSOLUTE
    ../clib/heapaux.c                        0x00000000   Number         0  heapauxi.o ABSOLUTE
    ../clib/libinit.s                        0x00000000   Number         0  libshutdown2.o ABSOLUTE
    ../clib/libinit.s                        0x00000000   Number         0  libshutdown.o ABSOLUTE
    ../clib/libinit.s                        0x00000000   Number         0  libinit.o ABSOLUTE
    ../clib/libinit.s                        0x00000000   Number         0  libinit2.o ABSOLUTE
    ../clib/signal.c                         0x00000000   Number         0  defsig_fpe_inner.o ABSOLUTE
    ../clib/signal.c                         0x00000000   Number         0  defsig_abrt_inner.o ABSOLUTE
    ../clib/signal.c                         0x00000000   Number         0  defsig_general.o ABSOLUTE
    ../clib/signal.c                         0x00000000   Number         0  __raise.o ABSOLUTE
    ../clib/signal.c                         0x00000000   Number         0  defsig_rtmem_inner.o ABSOLUTE
    ../clib/signal.c                         0x00000000   Number         0  defsig_exit.o ABSOLUTE
    ../clib/signal.c                         0x00000000   Number         0  defsig_rtred_inner.o ABSOLUTE
    ../clib/signal.c                         0x00000000   Number         0  defsig_rtmem_outer.o ABSOLUTE
    ../clib/signal.c                         0x00000000   Number         0  defsig_rtmem_formal.o ABSOLUTE
    ../clib/signal.c                         0x00000000   Number         0  defsig_cppl_inner.o ABSOLUTE
    ../clib/signal.c                         0x00000000   Number         0  defsig_other.o ABSOLUTE
    ../clib/signal.c                         0x00000000   Number         0  defsig_segv_inner.o ABSOLUTE
    ../clib/signal.c                         0x00000000   Number         0  defsig_pvfn_inner.o ABSOLUTE
    ../clib/signal.c                         0x00000000   Number         0  defsig_stak_inner.o ABSOLUTE
    ../clib/signal.s                         0x00000000   Number         0  defsig.o ABSOLUTE
    ../clib/stdlib.c                         0x00000000   Number         0  exit.o ABSOLUTE
    ../fplib/daddsub.s                       0x00000000   Number         0  daddsub_clz.o ABSOLUTE
    ../fplib/dcmpi.s                         0x00000000   Number         0  dcmpi.o ABSOLUTE
    ../fplib/ddiv.s                          0x00000000   Number         0  ddiv.o ABSOLUTE
    ../fplib/dfixu.s                         0x00000000   Number         0  dfixu.o ABSOLUTE
    ../fplib/dflt.s                          0x00000000   Number         0  dflt_clz.o ABSOLUTE
    ../fplib/dleqf.s                         0x00000000   Number         0  dleqf.o ABSOLUTE
    ../fplib/dmul.s                          0x00000000   Number         0  dmul.o ABSOLUTE
    ../fplib/dnaninf.s                       0x00000000   Number         0  dnaninf.o ABSOLUTE
    ../fplib/dretinf.s                       0x00000000   Number         0  dretinf.o ABSOLUTE
    ../fplib/drleqf.s                        0x00000000   Number         0  drleqf.o ABSOLUTE
    ../fplib/fpinit.s                        0x00000000   Number         0  fpinit.o ABSOLUTE
    ../fplib/usenofp.s                       0x00000000   Number         0  usenofp.o ABSOLUTE
    AT24C_Drive.c                            0x00000000   Number         0  at24c_drive.o ABSOLUTE
    AT24C_Drive.c                            0x00000000   Number         0  at24c_drive.o ABSOLUTE
    DS3231_Drive.c                           0x00000000   Number         0  ds3231_drive.o ABSOLUTE
    DS3231_Drive.c                           0x00000000   Number         0  ds3231_drive.o ABSOLUTE
    RTE\Device\STM32F103C8\startup_stm32f10x_md.s 0x00000000   Number         0  startup_stm32f10x_md.o ABSOLUTE
    RTE\Device\STM32F103C8\system_stm32f10x.c 0x00000000   Number         0  system_stm32f10x.o ABSOLUTE
    RTE\\Device\\STM32F103C8\\system_stm32f10x.c 0x00000000   Number         0  system_stm32f10x.o ABSOLUTE
    data_logger.c                            0x00000000   Number         0  data_logger.o ABSOLUTE
    data_logger.c                            0x00000000   Number         0  data_logger.o ABSOLUTE
    dc.s                                     0x00000000   Number         0  dc.o ABSOLUTE
    gp_drive.c                               0x00000000   Number         0  gp_drive.o ABSOLUTE
    gp_drive.c                               0x00000000   Number         0  gp_drive.o ABSOLUTE
    help_func.c                              0x00000000   Number         0  help_func.o ABSOLUTE
    i2c_drive.c                              0x00000000   Number         0  i2c_drive.o ABSOLUTE
    i2c_drive.c                              0x00000000   Number         0  i2c_drive.o ABSOLUTE
    main.c                                   0x00000000   Number         0  main.o ABSOLUTE
    main.c                                   0x00000000   Number         0  main.o ABSOLUTE
    oled_drive.c                             0x00000000   Number         0  oled_drive.o ABSOLUTE
    oled_drive.c                             0x00000000   Number         0  oled_drive.o ABSOLUTE
    systick_time.c                           0x00000000   Number         0  systick_time.o ABSOLUTE
    systick_time.c                           0x00000000   Number         0  systick_time.o ABSOLUTE
    uart_drive.c                             0x00000000   Number         0  uart_drive.o ABSOLUTE
    uart_drive.c                             0x00000000   Number         0  uart_drive.o ABSOLUTE
    RESET                                    0x08000000   Section      236  startup_stm32f10x_md.o(RESET)
    !!!main                                  0x080000ec   Section        8  __main.o(!!!main)
    !!!scatter                               0x080000f4   Section       52  __scatter.o(!!!scatter)
    !!dczerorl2                              0x08000128   Section       90  __dczerorl2.o(!!dczerorl2)
    !!handler_zi                             0x08000184   Section       28  __scatter_zi.o(!!handler_zi)
    .ARM.Collect$$libinit$$00000000          0x080001a0   Section        2  libinit.o(.ARM.Collect$$libinit$$00000000)
    .ARM.Collect$$libinit$$00000002          0x080001a2   Section        0  libinit2.o(.ARM.Collect$$libinit$$00000002)
    .ARM.Collect$$libinit$$00000004          0x080001a2   Section        0  libinit2.o(.ARM.Collect$$libinit$$00000004)
    .ARM.Collect$$libinit$$0000000A          0x080001a2   Section        0  libinit2.o(.ARM.Collect$$libinit$$0000000A)
    .ARM.Collect$$libinit$$0000000C          0x080001a2   Section        0  libinit2.o(.ARM.Collect$$libinit$$0000000C)
    .ARM.Collect$$libinit$$0000000E          0x080001a2   Section        0  libinit2.o(.ARM.Collect$$libinit$$0000000E)
    .ARM.Collect$$libinit$$00000011          0x080001a2   Section        0  libinit2.o(.ARM.Collect$$libinit$$00000011)
    .ARM.Collect$$libinit$$00000013          0x080001a2   Section        0  libinit2.o(.ARM.Collect$$libinit$$00000013)
    .ARM.Collect$$libinit$$00000015          0x080001a2   Section        0  libinit2.o(.ARM.Collect$$libinit$$00000015)
    .ARM.Collect$$libinit$$00000017          0x080001a2   Section        0  libinit2.o(.ARM.Collect$$libinit$$00000017)
    .ARM.Collect$$libinit$$00000019          0x080001a2   Section        0  libinit2.o(.ARM.Collect$$libinit$$00000019)
    .ARM.Collect$$libinit$$0000001B          0x080001a2   Section        0  libinit2.o(.ARM.Collect$$libinit$$0000001B)
    .ARM.Collect$$libinit$$0000001D          0x080001a2   Section        0  libinit2.o(.ARM.Collect$$libinit$$0000001D)
    .ARM.Collect$$libinit$$0000001F          0x080001a2   Section        0  libinit2.o(.ARM.Collect$$libinit$$0000001F)
    .ARM.Collect$$libinit$$00000021          0x080001a2   Section        0  libinit2.o(.ARM.Collect$$libinit$$00000021)
    .ARM.Collect$$libinit$$00000023          0x080001a2   Section        0  libinit2.o(.ARM.Collect$$libinit$$00000023)
    .ARM.Collect$$libinit$$00000025          0x080001a2   Section        0  libinit2.o(.ARM.Collect$$libinit$$00000025)
    .ARM.Collect$$libinit$$0000002C          0x080001a2   Section        0  libinit2.o(.ARM.Collect$$libinit$$0000002C)
    .ARM.Collect$$libinit$$0000002E          0x080001a2   Section        0  libinit2.o(.ARM.Collect$$libinit$$0000002E)
    .ARM.Collect$$libinit$$00000030          0x080001a2   Section        0  libinit2.o(.ARM.Collect$$libinit$$00000030)
    .ARM.Collect$$libinit$$00000032          0x080001a2   Section        0  libinit2.o(.ARM.Collect$$libinit$$00000032)
    .ARM.Collect$$libinit$$00000033          0x080001a2   Section        2  libinit2.o(.ARM.Collect$$libinit$$00000033)
    .ARM.Collect$$libshutdown$$00000000      0x080001a4   Section        2  libshutdown.o(.ARM.Collect$$libshutdown$$00000000)
    .ARM.Collect$$libshutdown$$00000002      0x080001a6   Section        0  libshutdown2.o(.ARM.Collect$$libshutdown$$00000002)
    .ARM.Collect$$libshutdown$$00000004      0x080001a6   Section        0  libshutdown2.o(.ARM.Collect$$libshutdown$$00000004)
    .ARM.Collect$$libshutdown$$00000007      0x080001a6   Section        0  libshutdown2.o(.ARM.Collect$$libshutdown$$00000007)
    .ARM.Collect$$libshutdown$$0000000A      0x080001a6   Section        0  libshutdown2.o(.ARM.Collect$$libshutdown$$0000000A)
    .ARM.Collect$$libshutdown$$0000000C      0x080001a6   Section        0  libshutdown2.o(.ARM.Collect$$libshutdown$$0000000C)
    .ARM.Collect$$libshutdown$$0000000F      0x080001a6   Section        0  libshutdown2.o(.ARM.Collect$$libshutdown$$0000000F)
    .ARM.Collect$$libshutdown$$00000010      0x080001a6   Section        2  libshutdown2.o(.ARM.Collect$$libshutdown$$00000010)
    .ARM.Collect$$rtentry$$00000000          0x080001a8   Section        0  __rtentry.o(.ARM.Collect$$rtentry$$00000000)
    .ARM.Collect$$rtentry$$00000002          0x080001a8   Section        0  __rtentry2.o(.ARM.Collect$$rtentry$$00000002)
    .ARM.Collect$$rtentry$$00000004          0x080001a8   Section        6  __rtentry4.o(.ARM.Collect$$rtentry$$00000004)
    .ARM.Collect$$rtentry$$00000009          0x080001ae   Section        0  __rtentry2.o(.ARM.Collect$$rtentry$$00000009)
    .ARM.Collect$$rtentry$$0000000A          0x080001ae   Section        4  __rtentry2.o(.ARM.Collect$$rtentry$$0000000A)
    .ARM.Collect$$rtentry$$0000000C          0x080001b2   Section        0  __rtentry2.o(.ARM.Collect$$rtentry$$0000000C)
    .ARM.Collect$$rtentry$$0000000D          0x080001b2   Section        8  __rtentry2.o(.ARM.Collect$$rtentry$$0000000D)
    .ARM.Collect$$rtexit$$00000000           0x080001ba   Section        2  rtexit.o(.ARM.Collect$$rtexit$$00000000)
    .ARM.Collect$$rtexit$$00000002           0x080001bc   Section        0  rtexit2.o(.ARM.Collect$$rtexit$$00000002)
    .ARM.Collect$$rtexit$$00000003           0x080001bc   Section        4  rtexit2.o(.ARM.Collect$$rtexit$$00000003)
    .ARM.Collect$$rtexit$$00000004           0x080001c0   Section        6  rtexit2.o(.ARM.Collect$$rtexit$$00000004)
    .text                                    0x080001c8   Section       64  startup_stm32f10x_md.o(.text)
    .text                                    0x08000208   Section        0  heapauxi.o(.text)
    .text                                    0x0800020e   Section       74  sys_stackheap_outer.o(.text)
    .text                                    0x08000258   Section        0  exit.o(.text)
    .text                                    0x0800026c   Section        8  libspace.o(.text)
    .text                                    0x08000274   Section        0  sys_exit.o(.text)
    .text                                    0x08000280   Section        2  use_no_semi.o(.text)
    .text                                    0x08000282   Section        0  indicate_semi.o(.text)
    i.AT24C_add                              0x08000282   Section        0  at24c_drive.o(i.AT24C_add)
    i.AT24C_load_byte                        0x08000294   Section        0  at24c_drive.o(i.AT24C_load_byte)
    i.AT24C_load_page                        0x080002ec   Section        0  at24c_drive.o(i.AT24C_load_page)
    i.AT24C_save_byte                        0x0800035c   Section        0  at24c_drive.o(i.AT24C_save_byte)
    i.AT24C_save_page                        0x080003a4   Section        0  at24c_drive.o(i.AT24C_save_page)
    i.ATC24_memo_update_2byte                0x080003f8   Section        0  data_logger.o(i.ATC24_memo_update_2byte)
    i.Concatstr                              0x08000430   Section        0  help_func.o(i.Concatstr)
    i.DS3231_Time_Date                       0x08000454   Section        0  ds3231_drive.o(i.DS3231_Time_Date)
    i.DS3231_add                             0x080004ba   Section        0  ds3231_drive.o(i.DS3231_add)
    i.DS3231_get_time                        0x080004cc   Section        0  ds3231_drive.o(i.DS3231_get_time)
    i.DS3231_reverter                        0x080004e0   Section        0  ds3231_drive.o(i.DS3231_reverter)
    i.DS3231_rx                              0x080004f4   Section        0  ds3231_drive.o(i.DS3231_rx)
    i.DelayMillis                            0x08000550   Section        0  systick_time.o(i.DelayMillis)
    i.DelayMs                                0x08000574   Section        0  systick_time.o(i.DelayMs)
    i.Digital_Input                          0x08000586   Section        0  gp_drive.o(i.Digital_Input)
    i.Get_byte                               0x0800059a   Section        0  data_logger.o(i.Get_byte)
    i.Get_short                              0x080005a6   Section        0  data_logger.o(i.Get_short)
    i.R_GP                                   0x080005d8   Section        0  gp_drive.o(i.R_GP)
    i.SetSysClock                            0x0800061c   Section        0  system_stm32f10x.o(i.SetSysClock)
    SetSysClock                              0x0800061d   Thumb Code     8  system_stm32f10x.o(i.SetSysClock)
    i.SetSysClockTo72                        0x08000624   Section        0  system_stm32f10x.o(i.SetSysClockTo72)
    SetSysClockTo72                          0x08000625   Thumb Code   214  system_stm32f10x.o(i.SetSysClockTo72)
    i.SystemInit                             0x08000704   Section        0  system_stm32f10x.o(i.SystemInit)
    i.get_date_str                           0x08000764   Section        0  data_logger.o(i.get_date_str)
    i.get_time_str                           0x08000782   Section        0  data_logger.o(i.get_time_str)
    i.get_total_records                      0x080007a0   Section        0  data_logger.o(i.get_total_records)
    i.i2c_add                                0x080007b4   Section        0  i2c_drive.o(i.i2c_add)
    i.i2c_data                               0x08000858   Section        0  i2c_drive.o(i.i2c_data)
    i.i2c_init                               0x080008b0   Section        0  i2c_drive.o(i.i2c_init)
    i.i2c_rx                                 0x0800098c   Section        0  i2c_drive.o(i.i2c_rx)
    i.i2c_start                              0x08000a08   Section        0  i2c_drive.o(i.i2c_start)
    i.i2c_stop                               0x08000a54   Section        0  i2c_drive.o(i.i2c_stop)
    i.init_GP                                0x08000aa8   Section        0  gp_drive.o(i.init_GP)
    i.int2char                               0x08000b5c   Section        0  help_func.o(i.int2char)
    i.int2date                               0x08000bbc   Section        0  ds3231_drive.o(i.int2date)
    i.int2time                               0x08000c04   Section        0  ds3231_drive.o(i.int2time)
    i.len_str                                0x08000c4c   Section        0  help_func.o(i.len_str)
    i.logger_init                            0x08000c5e   Section        0  data_logger.o(i.logger_init)
    i.logger_oled_display_date               0x08000cb0   Section        0  data_logger.o(i.logger_oled_display_date)
    i.logger_oled_display_time               0x08000cde   Section        0  data_logger.o(i.logger_oled_display_time)
    i.logger_oled_rec_progress               0x08000d0c   Section        0  data_logger.o(i.logger_oled_rec_progress)
    i.logger_oled_tot_rec                    0x08000db4   Section        0  data_logger.o(i.logger_oled_tot_rec)
    i.logger_read                            0x08000e20   Section        0  data_logger.o(i.logger_read)
    i.logger_rec                             0x08000e9a   Section        0  data_logger.o(i.logger_rec)
    i.logger_reset                           0x08000f3c   Section        0  data_logger.o(i.logger_reset)
    i.logger_time_rec                        0x08000f80   Section        0  data_logger.o(i.logger_time_rec)
    i.main                                   0x08000f9c   Section        0  main.o(i.main)
    i.next                                   0x08001174   Section        0  main.o(i.next)
    i.oled_blank                             0x08001182   Section        0  oled_drive.o(i.oled_blank)
    i.oled_cmd_1byte                         0x080011b8   Section        0  oled_drive.o(i.oled_cmd_1byte)
    i.oled_cmd_2byte                         0x080011e6   Section        0  oled_drive.o(i.oled_cmd_2byte)
    i.oled_data                              0x08001220   Section        0  oled_drive.o(i.oled_data)
    i.oled_init                              0x08001250   Section        0  oled_drive.o(i.oled_init)
    i.oled_init_64                           0x08001318   Section        0  oled_drive.o(i.oled_init_64)
    i.oled_msg                               0x08001326   Section        0  oled_drive.o(i.oled_msg)
    i.oled_pos                               0x08001348   Section        0  oled_drive.o(i.oled_pos)
    i.oled_print                             0x08001378   Section        0  oled_drive.o(i.oled_print)
    i.prev                                   0x080013b4   Section        0  main.o(i.prev)
    i.record                                 0x080013c2   Section        0  main.o(i.record)
    i.reset                                  0x080013d0   Section        0  main.o(i.reset)
    i.str_empty                              0x080013f0   Section        0  help_func.o(i.str_empty)
    i.str_empty_len                          0x08001402   Section        0  help_func.o(i.str_empty_len)
    i.systick_init                           0x08001416   Section        0  systick_time.o(i.systick_init)
    .constdata                               0x0800142e   Section      480  oled_drive.o(.constdata)
    ASCII                                    0x0800142e   Data         480  oled_drive.o(.constdata)
    .data                                    0x20000000   Section     4030  main.o(.data)
    weew_stack_rows                          0x20000000   Data           2  main.o(.data)
    weew_stack_cols                          0x20000002   Data           2  main.o(.data)
    weew_stack                               0x20000004   Data         504  main.o(.data)
    walkmen_0_rows                           0x200001fc   Data           2  main.o(.data)
    walkmen_0_cols                           0x200001fe   Data           2  main.o(.data)
    walkmen_0                                0x20000200   Data          95  main.o(.data)
    walkmen_1_rows                           0x20000260   Data           2  main.o(.data)
    walkmen_1_cols                           0x20000262   Data           2  main.o(.data)
    walkmen_1                                0x20000264   Data          95  main.o(.data)
    walkmen_2_rows                           0x200002c4   Data           2  main.o(.data)
    walkmen_2_cols                           0x200002c6   Data           2  main.o(.data)
    walkmen_2                                0x200002c8   Data          95  main.o(.data)
    walkmen_3_rows                           0x20000328   Data           2  main.o(.data)
    walkmen_3_cols                           0x2000032a   Data           2  main.o(.data)
    walkmen_3                                0x2000032c   Data          95  main.o(.data)
    walkmen_4_rows                           0x2000038c   Data           2  main.o(.data)
    walkmen_4_cols                           0x2000038e   Data           2  main.o(.data)
    walkmen_4                                0x20000390   Data          95  main.o(.data)
    walkmen_5_rows                           0x200003f0   Data           2  main.o(.data)
    walkmen_5_cols                           0x200003f2   Data           2  main.o(.data)
    walkmen_5                                0x200003f4   Data          95  main.o(.data)
    walkmen_6_rows                           0x20000454   Data           2  main.o(.data)
    walkmen_6_cols                           0x20000456   Data           2  main.o(.data)
    walkmen_6                                0x20000458   Data          95  main.o(.data)
    walkmen_7_rows                           0x200004b8   Data           2  main.o(.data)
    walkmen_7_cols                           0x200004ba   Data           2  main.o(.data)
    walkmen_7                                0x200004bc   Data          95  main.o(.data)
    walkmen_8_rows                           0x2000051c   Data           2  main.o(.data)
    walkmen_8_cols                           0x2000051e   Data           2  main.o(.data)
    walkmen_8                                0x20000520   Data          95  main.o(.data)
    Goku2_rows                               0x20000580   Data           2  main.o(.data)
    Goku2_cols                               0x20000582   Data           2  main.o(.data)
    Goku2                                    0x20000584   Data        1152  main.o(.data)
    like_rows                                0x20000a04   Data           2  main.o(.data)
    like_cols                                0x20000a06   Data           2  main.o(.data)
    like                                     0x20000a08   Data         342  main.o(.data)
    subscribe_rows                           0x20000b5e   Data           2  main.o(.data)
    subscribe_cols                           0x20000b60   Data           2  main.o(.data)
    subscribe                                0x20000b62   Data         504  main.o(.data)
    saitama_rows                             0x20000d5a   Data           2  main.o(.data)
    saitama_cols                             0x20000d5c   Data           2  main.o(.data)
    saitama                                  0x20000d5e   Data         552  main.o(.data)
    .bss                                     0x20000fc0   Section       96  libspace.o(.bss)
    HEAP                                     0x20001020   Section      512  startup_stm32f10x_md.o(HEAP)
    Heap_Mem                                 0x20001020   Data         512  startup_stm32f10x_md.o(HEAP)
    STACK                                    0x20001220   Section     1024  startup_stm32f10x_md.o(STACK)
    Stack_Mem                                0x20001220   Data        1024  startup_stm32f10x_md.o(STACK)
    __initial_sp                             0x20001620   Data           0  startup_stm32f10x_md.o(STACK)

    Global Symbols

    Symbol Name                              Value     Ov Type        Size  Object(Section)

    BuildAttributes$$THM_ISAv4$P$D$K$B$S$PE$A:L22UL41UL21$X:L11$S22US41US21$IEEE1$IW$USESV6$~STKCKD$USESV7$~SHL$OSPACE$ROPI$EBA8$UX$STANDARDLIB$REQ8$PRES8$EABIv2 0x00000000   Number         0  anon$$obj.o ABSOLUTE
    __ARM_use_no_argv                        0x00000000   Number         0  main.o ABSOLUTE
    __ARM_exceptions_init                     - Undefined Weak Reference
    __alloca_initialize                       - Undefined Weak Reference
    __arm_preinit_                            - Undefined Weak Reference
    __cpp_initialize__aeabi_                  - Undefined Weak Reference
    __cxa_finalize                            - Undefined Weak Reference
    __rt_locale                               - Undefined Weak Reference
    __sigvec_lookup                           - Undefined Weak Reference
    _atexit_init                              - Undefined Weak Reference
    _call_atexit_fns                          - Undefined Weak Reference
    _clock_init                               - Undefined Weak Reference
    _fp_trap_init                             - Undefined Weak Reference
    _fp_trap_shutdown                         - Undefined Weak Reference
    _get_lc_collate                           - Undefined Weak Reference
    _get_lc_ctype                             - Undefined Weak Reference
    _get_lc_monetary                          - Undefined Weak Reference
    _get_lc_numeric                           - Undefined Weak Reference
    _get_lc_time                              - Undefined Weak Reference
    _getenv_init                              - Undefined Weak Reference
    _handle_redirection                       - Undefined Weak Reference
    _init_alloc                               - Undefined Weak Reference
    _init_user_alloc                          - Undefined Weak Reference
    _initio                                   - Undefined Weak Reference
    _rand_init                                - Undefined Weak Reference
    _signal_finish                            - Undefined Weak Reference
    _signal_init                              - Undefined Weak Reference
    _terminate_alloc                          - Undefined Weak Reference
    _terminate_user_alloc                     - Undefined Weak Reference
    _terminateio                              - Undefined Weak Reference
    __Vectors_Size                           0x000000ec   Number         0  startup_stm32f10x_md.o ABSOLUTE
    __Vectors                                0x08000000   Data           4  startup_stm32f10x_md.o(RESET)
    __Vectors_End                            0x080000ec   Data           0  startup_stm32f10x_md.o(RESET)
    __main                                   0x080000ed   Thumb Code     8  __main.o(!!!main)
    __scatterload                            0x080000f5   Thumb Code     0  __scatter.o(!!!scatter)
    __scatterload_rt2                        0x080000f5   Thumb Code    44  __scatter.o(!!!scatter)
    __scatterload_rt2_thumb_only             0x080000f5   Thumb Code     0  __scatter.o(!!!scatter)
    __scatterload_null                       0x08000103   Thumb Code     0  __scatter.o(!!!scatter)
    __decompress                             0x08000129   Thumb Code    90  __dczerorl2.o(!!dczerorl2)
    __decompress1                            0x08000129   Thumb Code     0  __dczerorl2.o(!!dczerorl2)
    __scatterload_zeroinit                   0x08000185   Thumb Code    28  __scatter_zi.o(!!handler_zi)
    __rt_lib_init                            0x080001a1   Thumb Code     0  libinit.o(.ARM.Collect$$libinit$$00000000)
    __rt_lib_init_alloca_1                   0x080001a3   Thumb Code     0  libinit2.o(.ARM.Collect$$libinit$$0000002E)
    __rt_lib_init_argv_1                     0x080001a3   Thumb Code     0  libinit2.o(.ARM.Collect$$libinit$$0000002C)
    __rt_lib_init_atexit_1                   0x080001a3   Thumb Code     0  libinit2.o(.ARM.Collect$$libinit$$0000001B)
    __rt_lib_init_clock_1                    0x080001a3   Thumb Code     0  libinit2.o(.ARM.Collect$$libinit$$00000021)
    __rt_lib_init_cpp_1                      0x080001a3   Thumb Code     0  libinit2.o(.ARM.Collect$$libinit$$00000032)
    __rt_lib_init_exceptions_1               0x080001a3   Thumb Code     0  libinit2.o(.ARM.Collect$$libinit$$00000030)
    __rt_lib_init_fp_1                       0x080001a3   Thumb Code     0  libinit2.o(.ARM.Collect$$libinit$$00000002)
    __rt_lib_init_fp_trap_1                  0x080001a3   Thumb Code     0  libinit2.o(.ARM.Collect$$libinit$$0000001F)
    __rt_lib_init_getenv_1                   0x080001a3   Thumb Code     0  libinit2.o(.ARM.Collect$$libinit$$00000023)
    __rt_lib_init_heap_1                     0x080001a3   Thumb Code     0  libinit2.o(.ARM.Collect$$libinit$$0000000A)
    __rt_lib_init_lc_collate_1               0x080001a3   Thumb Code     0  libinit2.o(.ARM.Collect$$libinit$$00000011)
    __rt_lib_init_lc_ctype_1                 0x080001a3   Thumb Code     0  libinit2.o(.ARM.Collect$$libinit$$00000013)
    __rt_lib_init_lc_monetary_1              0x080001a3   Thumb Code     0  libinit2.o(.ARM.Collect$$libinit$$00000015)
    __rt_lib_init_lc_numeric_1               0x080001a3   Thumb Code     0  libinit2.o(.ARM.Collect$$libinit$$00000017)
    __rt_lib_init_lc_time_1                  0x080001a3   Thumb Code     0  libinit2.o(.ARM.Collect$$libinit$$00000019)
    __rt_lib_init_preinit_1                  0x080001a3   Thumb Code     0  libinit2.o(.ARM.Collect$$libinit$$00000004)
    __rt_lib_init_rand_1                     0x080001a3   Thumb Code     0  libinit2.o(.ARM.Collect$$libinit$$0000000E)
    __rt_lib_init_return                     0x080001a3   Thumb Code     0  libinit2.o(.ARM.Collect$$libinit$$00000033)
    __rt_lib_init_signal_1                   0x080001a3   Thumb Code     0  libinit2.o(.ARM.Collect$$libinit$$0000001D)
    __rt_lib_init_stdio_1                    0x080001a3   Thumb Code     0  libinit2.o(.ARM.Collect$$libinit$$00000025)
    __rt_lib_init_user_alloc_1               0x080001a3   Thumb Code     0  libinit2.o(.ARM.Collect$$libinit$$0000000C)
    __rt_lib_shutdown                        0x080001a5   Thumb Code     0  libshutdown.o(.ARM.Collect$$libshutdown$$00000000)
    __rt_lib_shutdown_cpp_1                  0x080001a7   Thumb Code     0  libshutdown2.o(.ARM.Collect$$libshutdown$$00000002)
    __rt_lib_shutdown_fp_trap_1              0x080001a7   Thumb Code     0  libshutdown2.o(.ARM.Collect$$libshutdown$$00000007)
    __rt_lib_shutdown_heap_1                 0x080001a7   Thumb Code     0  libshutdown2.o(.ARM.Collect$$libshutdown$$0000000F)
    __rt_lib_shutdown_return                 0x080001a7   Thumb Code     0  libshutdown2.o(.ARM.Collect$$libshutdown$$00000010)
    __rt_lib_shutdown_signal_1               0x080001a7   Thumb Code     0  libshutdown2.o(.ARM.Collect$$libshutdown$$0000000A)
    __rt_lib_shutdown_stdio_1                0x080001a7   Thumb Code     0  libshutdown2.o(.ARM.Collect$$libshutdown$$00000004)
    __rt_lib_shutdown_user_alloc_1           0x080001a7   Thumb Code     0  libshutdown2.o(.ARM.Collect$$libshutdown$$0000000C)
    __rt_entry                               0x080001a9   Thumb Code     0  __rtentry.o(.ARM.Collect$$rtentry$$00000000)
    __rt_entry_presh_1                       0x080001a9   Thumb Code     0  __rtentry2.o(.ARM.Collect$$rtentry$$00000002)
    __rt_entry_sh                            0x080001a9   Thumb Code     0  __rtentry4.o(.ARM.Collect$$rtentry$$00000004)
    __rt_entry_li                            0x080001af   Thumb Code     0  __rtentry2.o(.ARM.Collect$$rtentry$$0000000A)
    __rt_entry_postsh_1                      0x080001af   Thumb Code     0  __rtentry2.o(.ARM.Collect$$rtentry$$00000009)
    __rt_entry_main                          0x080001b3   Thumb Code     0  __rtentry2.o(.ARM.Collect$$rtentry$$0000000D)
    __rt_entry_postli_1                      0x080001b3   Thumb Code     0  __rtentry2.o(.ARM.Collect$$rtentry$$0000000C)
    __rt_exit                                0x080001bb   Thumb Code     0  rtexit.o(.ARM.Collect$$rtexit$$00000000)
    __rt_exit_ls                             0x080001bd   Thumb Code     0  rtexit2.o(.ARM.Collect$$rtexit$$00000003)
    __rt_exit_prels_1                        0x080001bd   Thumb Code     0  rtexit2.o(.ARM.Collect$$rtexit$$00000002)
    __rt_exit_exit                           0x080001c1   Thumb Code     0  rtexit2.o(.ARM.Collect$$rtexit$$00000004)
    Reset_Handler                            0x080001c9   Thumb Code     8  startup_stm32f10x_md.o(.text)
    NMI_Handler                              0x080001d1   Thumb Code     2  startup_stm32f10x_md.o(.text)
    HardFault_Handler                        0x080001d3   Thumb Code     2  startup_stm32f10x_md.o(.text)
    MemManage_Handler                        0x080001d5   Thumb Code     2  startup_stm32f10x_md.o(.text)
    BusFault_Handler                         0x080001d7   Thumb Code     2  startup_stm32f10x_md.o(.text)
    UsageFault_Handler                       0x080001d9   Thumb Code     2  startup_stm32f10x_md.o(.text)
    SVC_Handler                              0x080001db   Thumb Code     2  startup_stm32f10x_md.o(.text)
    DebugMon_Handler                         0x080001dd   Thumb Code     2  startup_stm32f10x_md.o(.text)
    PendSV_Handler                           0x080001df   Thumb Code     2  startup_stm32f10x_md.o(.text)
    SysTick_Handler                          0x080001e1   Thumb Code     2  startup_stm32f10x_md.o(.text)
    ADC1_2_IRQHandler                        0x080001e3   Thumb Code     0  startup_stm32f10x_md.o(.text)
    CAN1_RX1_IRQHandler                      0x080001e3   Thumb Code     0  startup_stm32f10x_md.o(.text)
    CAN1_SCE_IRQHandler                      0x080001e3   Thumb Code     0  startup_stm32f10x_md.o(.text)
    DMA1_Channel1_IRQHandler                 0x080001e3   Thumb Code     0  startup_stm32f10x_md.o(.text)
    DMA1_Channel2_IRQHandler                 0x080001e3   Thumb Code     0  startup_stm32f10x_md.o(.text)
    DMA1_Channel3_IRQHandler                 0x080001e3   Thumb Code     0  startup_stm32f10x_md.o(.text)
    DMA1_Channel4_IRQHandler                 0x080001e3   Thumb Code     0  startup_stm32f10x_md.o(.text)
    DMA1_Channel5_IRQHandler                 0x080001e3   Thumb Code     0  startup_stm32f10x_md.o(.text)
    DMA1_Channel6_IRQHandler                 0x080001e3   Thumb Code     0  startup_stm32f10x_md.o(.text)
    DMA1_Channel7_IRQHandler                 0x080001e3   Thumb Code     0  startup_stm32f10x_md.o(.text)
    EXTI0_IRQHandler                         0x080001e3   Thumb Code     0  startup_stm32f10x_md.o(.text)
    EXTI15_10_IRQHandler                     0x080001e3   Thumb Code     0  startup_stm32f10x_md.o(.text)
    EXTI1_IRQHandler                         0x080001e3   Thumb Code     0  startup_stm32f10x_md.o(.text)
    EXTI2_IRQHandler                         0x080001e3   Thumb Code     0  startup_stm32f10x_md.o(.text)
    EXTI3_IRQHandler                         0x080001e3   Thumb Code     0  startup_stm32f10x_md.o(.text)
    EXTI4_IRQHandler                         0x080001e3   Thumb Code     0  startup_stm32f10x_md.o(.text)
    EXTI9_5_IRQHandler                       0x080001e3   Thumb Code     0  startup_stm32f10x_md.o(.text)
    FLASH_IRQHandler                         0x080001e3   Thumb Code     0  startup_stm32f10x_md.o(.text)
    I2C1_ER_IRQHandler                       0x080001e3   Thumb Code     0  startup_stm32f10x_md.o(.text)
    I2C1_EV_IRQHandler                       0x080001e3   Thumb Code     0  startup_stm32f10x_md.o(.text)
    I2C2_ER_IRQHandler                       0x080001e3   Thumb Code     0  startup_stm32f10x_md.o(.text)
    I2C2_EV_IRQHandler                       0x080001e3   Thumb Code     0  startup_stm32f10x_md.o(.text)
    PVD_IRQHandler                           0x080001e3   Thumb Code     0  startup_stm32f10x_md.o(.text)
    RCC_IRQHandler                           0x080001e3   Thumb Code     0  startup_stm32f10x_md.o(.text)
    RTCAlarm_IRQHandler                      0x080001e3   Thumb Code     0  startup_stm32f10x_md.o(.text)
    RTC_IRQHandler                           0x080001e3   Thumb Code     0  startup_stm32f10x_md.o(.text)
    SPI1_IRQHandler                          0x080001e3   Thumb Code     0  startup_stm32f10x_md.o(.text)
    SPI2_IRQHandler                          0x080001e3   Thumb Code     0  startup_stm32f10x_md.o(.text)
    TAMPER_IRQHandler                        0x080001e3   Thumb Code     0  startup_stm32f10x_md.o(.text)
    TIM1_BRK_IRQHandler                      0x080001e3   Thumb Code     0  startup_stm32f10x_md.o(.text)
    TIM1_CC_IRQHandler                       0x080001e3   Thumb Code     0  startup_stm32f10x_md.o(.text)
    TIM1_TRG_COM_IRQHandler                  0x080001e3   Thumb Code     0  startup_stm32f10x_md.o(.text)
    TIM1_UP_IRQHandler                       0x080001e3   Thumb Code     0  startup_stm32f10x_md.o(.text)
    TIM2_IRQHandler                          0x080001e3   Thumb Code     0  startup_stm32f10x_md.o(.text)
    TIM3_IRQHandler                          0x080001e3   Thumb Code     0  startup_stm32f10x_md.o(.text)
    TIM4_IRQHandler                          0x080001e3   Thumb Code     0  startup_stm32f10x_md.o(.text)
    USART1_IRQHandler                        0x080001e3   Thumb Code     0  startup_stm32f10x_md.o(.text)
    USART2_IRQHandler                        0x080001e3   Thumb Code     0  startup_stm32f10x_md.o(.text)
    USART3_IRQHandler                        0x080001e3   Thumb Code     0  startup_stm32f10x_md.o(.text)
    USBWakeUp_IRQHandler                     0x080001e3   Thumb Code     0  startup_stm32f10x_md.o(.text)
    USB_HP_CAN1_TX_IRQHandler                0x080001e3   Thumb Code     0  startup_stm32f10x_md.o(.text)
    USB_LP_CAN1_RX0_IRQHandler               0x080001e3   Thumb Code     0  startup_stm32f10x_md.o(.text)
    WWDG_IRQHandler                          0x080001e3   Thumb Code     0  startup_stm32f10x_md.o(.text)
    __user_initial_stackheap                 0x080001e5   Thumb Code     0  startup_stm32f10x_md.o(.text)
    __use_two_region_memory                  0x08000209   Thumb Code     2  heapauxi.o(.text)
    __rt_heap_escrow$2region                 0x0800020b   Thumb Code     2  heapauxi.o(.text)
    __rt_heap_expand$2region                 0x0800020d   Thumb Code     2  heapauxi.o(.text)
    __user_setup_stackheap                   0x0800020f   Thumb Code    74  sys_stackheap_outer.o(.text)
    exit                                     0x08000259   Thumb Code    18  exit.o(.text)
    __user_libspace                          0x0800026d   Thumb Code     8  libspace.o(.text)
    __user_perproc_libspace                  0x0800026d   Thumb Code     0  libspace.o(.text)
    __user_perthread_libspace                0x0800026d   Thumb Code     0  libspace.o(.text)
    _sys_exit                                0x08000275   Thumb Code     8  sys_exit.o(.text)
    __I$use$semihosting                      0x08000281   Thumb Code     0  use_no_semi.o(.text)
    __use_no_semihosting_swi                 0x08000281   Thumb Code     2  use_no_semi.o(.text)
    AT24C_add                                0x08000283   Thumb Code    18  at24c_drive.o(i.AT24C_add)
    __semihosting_library_function           0x08000283   Thumb Code     0  indicate_semi.o(.text)
    AT24C_load_byte                          0x08000295   Thumb Code    88  at24c_drive.o(i.AT24C_load_byte)
    AT24C_load_page                          0x080002ed   Thumb Code   112  at24c_drive.o(i.AT24C_load_page)
    AT24C_save_byte                          0x0800035d   Thumb Code    72  at24c_drive.o(i.AT24C_save_byte)
    AT24C_save_page                          0x080003a5   Thumb Code    84  at24c_drive.o(i.AT24C_save_page)
    ATC24_memo_update_2byte                  0x080003f9   Thumb Code    56  data_logger.o(i.ATC24_memo_update_2byte)
    Concatstr                                0x08000431   Thumb Code    36  help_func.o(i.Concatstr)
    DS3231_Time_Date                         0x08000455   Thumb Code   102  ds3231_drive.o(i.DS3231_Time_Date)
    DS3231_add                               0x080004bb   Thumb Code    18  ds3231_drive.o(i.DS3231_add)
    DS3231_get_time                          0x080004cd   Thumb Code    20  ds3231_drive.o(i.DS3231_get_time)
    DS3231_reverter                          0x080004e1   Thumb Code    20  ds3231_drive.o(i.DS3231_reverter)
    DS3231_rx                                0x080004f5   Thumb Code    90  ds3231_drive.o(i.DS3231_rx)
    DelayMillis                              0x08000551   Thumb Code    30  systick_time.o(i.DelayMillis)
    DelayMs                                  0x08000575   Thumb Code    18  systick_time.o(i.DelayMs)
    Digital_Input                            0x08000587   Thumb Code    20  gp_drive.o(i.Digital_Input)
    Get_byte                                 0x0800059b   Thumb Code    12  data_logger.o(i.Get_byte)
    Get_short                                0x080005a7   Thumb Code    48  data_logger.o(i.Get_short)
    R_GP                                     0x080005d9   Thumb Code    56  gp_drive.o(i.R_GP)
    SystemInit                               0x08000705   Thumb Code    78  system_stm32f10x.o(i.SystemInit)
    get_date_str                             0x08000765   Thumb Code    30  data_logger.o(i.get_date_str)
    get_time_str                             0x08000783   Thumb Code    30  data_logger.o(i.get_time_str)
    get_total_records                        0x080007a1   Thumb Code    18  data_logger.o(i.get_total_records)
    i2c_add                                  0x080007b5   Thumb Code   156  i2c_drive.o(i.i2c_add)
    i2c_data                                 0x08000859   Thumb Code    80  i2c_drive.o(i.i2c_data)
    i2c_init                                 0x080008b1   Thumb Code   208  i2c_drive.o(i.i2c_init)
    i2c_rx                                   0x0800098d   Thumb Code   116  i2c_drive.o(i.i2c_rx)
    i2c_start                                0x08000a09   Thumb Code    68  i2c_drive.o(i.i2c_start)
    i2c_stop                                 0x08000a55   Thumb Code    74  i2c_drive.o(i.i2c_stop)
    init_GP                                  0x08000aa9   Thumb Code   164  gp_drive.o(i.init_GP)
    int2char                                 0x08000b5d   Thumb Code    94  help_func.o(i.int2char)
    int2date                                 0x08000bbd   Thumb Code    64  ds3231_drive.o(i.int2date)
    int2time                                 0x08000c05   Thumb Code    64  ds3231_drive.o(i.int2time)
    len_str                                  0x08000c4d   Thumb Code    18  help_func.o(i.len_str)
    logger_init                              0x08000c5f   Thumb Code    82  data_logger.o(i.logger_init)
    logger_oled_display_date                 0x08000cb1   Thumb Code    46  data_logger.o(i.logger_oled_display_date)
    logger_oled_display_time                 0x08000cdf   Thumb Code    46  data_logger.o(i.logger_oled_display_time)
    logger_oled_rec_progress                 0x08000d0d   Thumb Code   132  data_logger.o(i.logger_oled_rec_progress)
    logger_oled_tot_rec                      0x08000db5   Thumb Code    82  data_logger.o(i.logger_oled_tot_rec)
    logger_read                              0x08000e21   Thumb Code   122  data_logger.o(i.logger_read)
    logger_rec                               0x08000e9b   Thumb Code   162  data_logger.o(i.logger_rec)
    logger_reset                             0x08000f3d   Thumb Code    68  data_logger.o(i.logger_reset)
    logger_time_rec                          0x08000f81   Thumb Code    28  data_logger.o(i.logger_time_rec)
    main                                     0x08000f9d   Thumb Code   440  main.o(i.main)
    next                                     0x08001175   Thumb Code    14  main.o(i.next)
    oled_blank                               0x08001183   Thumb Code    54  oled_drive.o(i.oled_blank)
    oled_cmd_1byte                           0x080011b9   Thumb Code    46  oled_drive.o(i.oled_cmd_1byte)
    oled_cmd_2byte                           0x080011e7   Thumb Code    58  oled_drive.o(i.oled_cmd_2byte)
    oled_data                                0x08001221   Thumb Code    46  oled_drive.o(i.oled_data)
    oled_init                                0x08001251   Thumb Code   170  oled_drive.o(i.oled_init)
    oled_init_64                             0x08001319   Thumb Code    14  oled_drive.o(i.oled_init_64)
    oled_msg                                 0x08001327   Thumb Code    34  oled_drive.o(i.oled_msg)
    oled_pos                                 0x08001349   Thumb Code    48  oled_drive.o(i.oled_pos)
    oled_print                               0x08001379   Thumb Code    54  oled_drive.o(i.oled_print)
    prev                                     0x080013b5   Thumb Code    14  main.o(i.prev)
    record                                   0x080013c3   Thumb Code    14  main.o(i.record)
    reset                                    0x080013d1   Thumb Code    32  main.o(i.reset)
    str_empty                                0x080013f1   Thumb Code    18  help_func.o(i.str_empty)
    str_empty_len                            0x08001403   Thumb Code    20  help_func.o(i.str_empty_len)
    systick_init                             0x08001417   Thumb Code    24  systick_time.o(i.systick_init)
    Region$$Table$$Base                      0x08001610   Number         0  anon$$obj.o(Region$$Table)
    Region$$Table$$Limit                     0x08001630   Number         0  anon$$obj.o(Region$$Table)
    records                                  0x20000f88   Data           4  main.o(.data)
    info_msg                                 0x20000f8c   Data          50  main.o(.data)
    __libspace_start                         0x20000fc0   Data          96  libspace.o(.bss)
    __temporary_stack_top$libspace           0x20001020   Data           0  libspace.o(.bss)



==============================================================================

Memory Map of the image

  Image Entry point : 0x080001c9

  Load Region LR_1 (Base: 0x08000000, Size: 0x000025f0, Max: 0xffffffff, ABSOLUTE, COMPRESSED[0x00001d5c])

    Execution Region ER_RO (Exec base: 0x08000000, Load base: 0x08000000, Size: 0x00001630, Max: 0xffffffff, ABSOLUTE)

    Exec Addr    Load Addr    Size         Type   Attr      Idx    E Section Name        Object

    0x08000000   0x08000000   0x000000ec   Data   RO          843    RESET               startup_stm32f10x_md.o
    0x080000ec   0x080000ec   0x00000008   Code   RO          898  * !!!main             c_w.l(__main.o)
    0x080000f4   0x080000f4   0x00000034   Code   RO         1090    !!!scatter          c_w.l(__scatter.o)
    0x08000128   0x08000128   0x0000005a   Code   RO         1088    !!dczerorl2         c_w.l(__dczerorl2.o)
    0x08000182   0x08000182   0x00000002   PAD
    0x08000184   0x08000184   0x0000001c   Code   RO         1092    !!handler_zi        c_w.l(__scatter_zi.o)
    0x080001a0   0x080001a0   0x00000002   Code   RO          958    .ARM.Collect$$libinit$$00000000  c_w.l(libinit.o)
    0x080001a2   0x080001a2   0x00000000   Code   RO          965    .ARM.Collect$$libinit$$00000002  c_w.l(libinit2.o)
    0x080001a2   0x080001a2   0x00000000   Code   RO          967    .ARM.Collect$$libinit$$00000004  c_w.l(libinit2.o)
    0x080001a2   0x080001a2   0x00000000   Code   RO          970    .ARM.Collect$$libinit$$0000000A  c_w.l(libinit2.o)
    0x080001a2   0x080001a2   0x00000000   Code   RO          972    .ARM.Collect$$libinit$$0000000C  c_w.l(libinit2.o)
    0x080001a2   0x080001a2   0x00000000   Code   RO          974    .ARM.Collect$$libinit$$0000000E  c_w.l(libinit2.o)
    0x080001a2   0x080001a2   0x00000000   Code   RO          977    .ARM.Collect$$libinit$$00000011  c_w.l(libinit2.o)
    0x080001a2   0x080001a2   0x00000000   Code   RO          979    .ARM.Collect$$libinit$$00000013  c_w.l(libinit2.o)
    0x080001a2   0x080001a2   0x00000000   Code   RO          981    .ARM.Collect$$libinit$$00000015  c_w.l(libinit2.o)
    0x080001a2   0x080001a2   0x00000000   Code   RO          983    .ARM.Collect$$libinit$$00000017  c_w.l(libinit2.o)
    0x080001a2   0x080001a2   0x00000000   Code   RO          985    .ARM.Collect$$libinit$$00000019  c_w.l(libinit2.o)
    0x080001a2   0x080001a2   0x00000000   Code   RO          987    .ARM.Collect$$libinit$$0000001B  c_w.l(libinit2.o)
    0x080001a2   0x080001a2   0x00000000   Code   RO          989    .ARM.Collect$$libinit$$0000001D  c_w.l(libinit2.o)
    0x080001a2   0x080001a2   0x00000000   Code   RO          991    .ARM.Collect$$libinit$$0000001F  c_w.l(libinit2.o)
    0x080001a2   0x080001a2   0x00000000   Code   RO          993    .ARM.Collect$$libinit$$00000021  c_w.l(libinit2.o)
    0x080001a2   0x080001a2   0x00000000   Code   RO          995    .ARM.Collect$$libinit$$00000023  c_w.l(libinit2.o)
    0x080001a2   0x080001a2   0x00000000   Code   RO          997    .ARM.Collect$$libinit$$00000025  c_w.l(libinit2.o)
    0x080001a2   0x080001a2   0x00000000   Code   RO         1001    .ARM.Collect$$libinit$$0000002C  c_w.l(libinit2.o)
    0x080001a2   0x080001a2   0x00000000   Code   RO         1003    .ARM.Collect$$libinit$$0000002E  c_w.l(libinit2.o)
    0x080001a2   0x080001a2   0x00000000   Code   RO         1005    .ARM.Collect$$libinit$$00000030  c_w.l(libinit2.o)
    0x080001a2   0x080001a2   0x00000000   Code   RO         1007    .ARM.Collect$$libinit$$00000032  c_w.l(libinit2.o)
    0x080001a2   0x080001a2   0x00000002   Code   RO         1008    .ARM.Collect$$libinit$$00000033  c_w.l(libinit2.o)
    0x080001a4   0x080001a4   0x00000002   Code   RO         1028    .ARM.Collect$$libshutdown$$00000000  c_w.l(libshutdown.o)
    0x080001a6   0x080001a6   0x00000000   Code   RO         1041    .ARM.Collect$$libshutdown$$00000002  c_w.l(libshutdown2.o)
    0x080001a6   0x080001a6   0x00000000   Code   RO         1043    .ARM.Collect$$libshutdown$$00000004  c_w.l(libshutdown2.o)
    0x080001a6   0x080001a6   0x00000000   Code   RO         1046    .ARM.Collect$$libshutdown$$00000007  c_w.l(libshutdown2.o)
    0x080001a6   0x080001a6   0x00000000   Code   RO         1049    .ARM.Collect$$libshutdown$$0000000A  c_w.l(libshutdown2.o)
    0x080001a6   0x080001a6   0x00000000   Code   RO         1051    .ARM.Collect$$libshutdown$$0000000C  c_w.l(libshutdown2.o)
    0x080001a6   0x080001a6   0x00000000   Code   RO         1054    .ARM.Collect$$libshutdown$$0000000F  c_w.l(libshutdown2.o)
    0x080001a6   0x080001a6   0x00000002   Code   RO         1055    .ARM.Collect$$libshutdown$$00000010  c_w.l(libshutdown2.o)
    0x080001a8   0x080001a8   0x00000000   Code   RO          924    .ARM.Collect$$rtentry$$00000000  c_w.l(__rtentry.o)
    0x080001a8   0x080001a8   0x00000000   Code   RO          933    .ARM.Collect$$rtentry$$00000002  c_w.l(__rtentry2.o)
    0x080001a8   0x080001a8   0x00000006   Code   RO          945    .ARM.Collect$$rtentry$$00000004  c_w.l(__rtentry4.o)
    0x080001ae   0x080001ae   0x00000000   Code   RO          935    .ARM.Collect$$rtentry$$00000009  c_w.l(__rtentry2.o)
    0x080001ae   0x080001ae   0x00000004   Code   RO          936    .ARM.Collect$$rtentry$$0000000A  c_w.l(__rtentry2.o)
    0x080001b2   0x080001b2   0x00000000   Code   RO          938    .ARM.Collect$$rtentry$$0000000C  c_w.l(__rtentry2.o)
    0x080001b2   0x080001b2   0x00000008   Code   RO          939    .ARM.Collect$$rtentry$$0000000D  c_w.l(__rtentry2.o)
    0x080001ba   0x080001ba   0x00000002   Code   RO          962    .ARM.Collect$$rtexit$$00000000  c_w.l(rtexit.o)
    0x080001bc   0x080001bc   0x00000000   Code   RO         1010    .ARM.Collect$$rtexit$$00000002  c_w.l(rtexit2.o)
    0x080001bc   0x080001bc   0x00000004   Code   RO         1011    .ARM.Collect$$rtexit$$00000003  c_w.l(rtexit2.o)
    0x080001c0   0x080001c0   0x00000006   Code   RO         1012    .ARM.Collect$$rtexit$$00000004  c_w.l(rtexit2.o)
    0x080001c6   0x080001c6   0x00000002   PAD
    0x080001c8   0x080001c8   0x00000040   Code   RO          844  * .text               startup_stm32f10x_md.o
    0x08000208   0x08000208   0x00000006   Code   RO          896    .text               c_w.l(heapauxi.o)
    0x0800020e   0x0800020e   0x0000004a   Code   RO          949    .text               c_w.l(sys_stackheap_outer.o)
    0x08000258   0x08000258   0x00000012   Code   RO          951    .text               c_w.l(exit.o)
    0x0800026a   0x0800026a   0x00000002   PAD
    0x0800026c   0x0800026c   0x00000008   Code   RO          959    .text               c_w.l(libspace.o)
    0x08000274   0x08000274   0x0000000c   Code   RO         1020    .text               c_w.l(sys_exit.o)
    0x08000280   0x08000280   0x00000002   Code   RO         1031    .text               c_w.l(use_no_semi.o)
    0x08000282   0x08000282   0x00000000   Code   RO         1033    .text               c_w.l(indicate_semi.o)
    0x08000282   0x08000282   0x00000012   Code   RO          103    i.AT24C_add         at24c_drive.o
    0x08000294   0x08000294   0x00000058   Code   RO          104    i.AT24C_load_byte   at24c_drive.o
    0x080002ec   0x080002ec   0x00000070   Code   RO          105    i.AT24C_load_page   at24c_drive.o
    0x0800035c   0x0800035c   0x00000048   Code   RO          106    i.AT24C_save_byte   at24c_drive.o
    0x080003a4   0x080003a4   0x00000054   Code   RO          107    i.AT24C_save_page   at24c_drive.o
    0x080003f8   0x080003f8   0x00000038   Code   RO          157    i.ATC24_memo_update_2byte  data_logger.o
    0x08000430   0x08000430   0x00000024   Code   RO          265    i.Concatstr         help_func.o
    0x08000454   0x08000454   0x00000066   Code   RO          382    i.DS3231_Time_Date  ds3231_drive.o
    0x080004ba   0x080004ba   0x00000012   Code   RO          383    i.DS3231_add        ds3231_drive.o
    0x080004cc   0x080004cc   0x00000014   Code   RO          385    i.DS3231_get_time   ds3231_drive.o
    0x080004e0   0x080004e0   0x00000014   Code   RO          386    i.DS3231_reverter   ds3231_drive.o
    0x080004f4   0x080004f4   0x0000005a   Code   RO          387    i.DS3231_rx         ds3231_drive.o
    0x0800054e   0x0800054e   0x00000002   PAD
    0x08000550   0x08000550   0x00000024   Code   RO          322    i.DelayMillis       systick_time.o
    0x08000574   0x08000574   0x00000012   Code   RO          323    i.DelayMs           systick_time.o
    0x08000586   0x08000586   0x00000014   Code   RO          510    i.Digital_Input     gp_drive.o
    0x0800059a   0x0800059a   0x0000000c   Code   RO          158    i.Get_byte          data_logger.o
    0x080005a6   0x080005a6   0x00000030   Code   RO          159    i.Get_short         data_logger.o
    0x080005d6   0x080005d6   0x00000002   PAD
    0x080005d8   0x080005d8   0x00000044   Code   RO          513    i.R_GP              gp_drive.o
    0x0800061c   0x0800061c   0x00000008   Code   RO          851    i.SetSysClock       system_stm32f10x.o
    0x08000624   0x08000624   0x000000e0   Code   RO          852    i.SetSysClockTo72   system_stm32f10x.o
    0x08000704   0x08000704   0x00000060   Code   RO          854    i.SystemInit        system_stm32f10x.o
    0x08000764   0x08000764   0x0000001e   Code   RO          160    i.get_date_str      data_logger.o
    0x08000782   0x08000782   0x0000001e   Code   RO          161    i.get_time_str      data_logger.o
    0x080007a0   0x080007a0   0x00000012   Code   RO          162    i.get_total_records  data_logger.o
    0x080007b2   0x080007b2   0x00000002   PAD
    0x080007b4   0x080007b4   0x000000a4   Code   RO          580    i.i2c_add           i2c_drive.o
    0x08000858   0x08000858   0x00000058   Code   RO          581    i.i2c_data          i2c_drive.o
    0x080008b0   0x080008b0   0x000000dc   Code   RO          582    i.i2c_init          i2c_drive.o
    0x0800098c   0x0800098c   0x0000007c   Code   RO          583    i.i2c_rx            i2c_drive.o
    0x08000a08   0x08000a08   0x0000004c   Code   RO          584    i.i2c_start         i2c_drive.o
    0x08000a54   0x08000a54   0x00000054   Code   RO          585    i.i2c_stop          i2c_drive.o
    0x08000aa8   0x08000aa8   0x000000b4   Code   RO          515    i.init_GP           gp_drive.o
    0x08000b5c   0x08000b5c   0x0000005e   Code   RO          269    i.int2char          help_func.o
    0x08000bba   0x08000bba   0x00000002   PAD
    0x08000bbc   0x08000bbc   0x00000048   Code   RO          398    i.int2date          ds3231_drive.o
    0x08000c04   0x08000c04   0x00000048   Code   RO          399    i.int2time          ds3231_drive.o
    0x08000c4c   0x08000c4c   0x00000012   Code   RO          270    i.len_str           help_func.o
    0x08000c5e   0x08000c5e   0x00000052   Code   RO          163    i.logger_init       data_logger.o
    0x08000cb0   0x08000cb0   0x0000002e   Code   RO          164    i.logger_oled_display_date  data_logger.o
    0x08000cde   0x08000cde   0x0000002e   Code   RO          165    i.logger_oled_display_time  data_logger.o
    0x08000d0c   0x08000d0c   0x000000a8   Code   RO          166    i.logger_oled_rec_progress  data_logger.o
    0x08000db4   0x08000db4   0x0000006c   Code   RO          167    i.logger_oled_tot_rec  data_logger.o
    0x08000e20   0x08000e20   0x0000007a   Code   RO          168    i.logger_read       data_logger.o
    0x08000e9a   0x08000e9a   0x000000a2   Code   RO          169    i.logger_rec        data_logger.o
    0x08000f3c   0x08000f3c   0x00000044   Code   RO          170    i.logger_reset      data_logger.o
    0x08000f80   0x08000f80   0x0000001c   Code   RO          171    i.logger_time_rec   data_logger.o
    0x08000f9c   0x08000f9c   0x000001d8   Code   RO            4    i.main              main.o
    0x08001174   0x08001174   0x0000000e   Code   RO            5    i.next              main.o
    0x08001182   0x08001182   0x00000036   Code   RO          646    i.oled_blank        oled_drive.o
    0x080011b8   0x080011b8   0x0000002e   Code   RO          647    i.oled_cmd_1byte    oled_drive.o
    0x080011e6   0x080011e6   0x0000003a   Code   RO          648    i.oled_cmd_2byte    oled_drive.o
    0x08001220   0x08001220   0x0000002e   Code   RO          649    i.oled_data         oled_drive.o
    0x0800124e   0x0800124e   0x00000002   PAD
    0x08001250   0x08001250   0x000000c8   Code   RO          650    i.oled_init         oled_drive.o
    0x08001318   0x08001318   0x0000000e   Code   RO          652    i.oled_init_64      oled_drive.o
    0x08001326   0x08001326   0x00000022   Code   RO          653    i.oled_msg          oled_drive.o
    0x08001348   0x08001348   0x00000030   Code   RO          654    i.oled_pos          oled_drive.o
    0x08001378   0x08001378   0x0000003c   Code   RO          655    i.oled_print        oled_drive.o
    0x080013b4   0x080013b4   0x0000000e   Code   RO            6    i.prev              main.o
    0x080013c2   0x080013c2   0x0000000e   Code   RO            7    i.record            main.o
    0x080013d0   0x080013d0   0x00000020   Code   RO            8    i.reset             main.o
    0x080013f0   0x080013f0   0x00000012   Code   RO          271    i.str_empty         help_func.o
    0x08001402   0x08001402   0x00000014   Code   RO          272    i.str_empty_len     help_func.o
    0x08001416   0x08001416   0x00000018   Code   RO          326    i.systick_init      systick_time.o
    0x0800142e   0x0800142e   0x000001e0   Data   RO          661    .constdata          oled_drive.o
    0x0800160e   0x0800160e   0x00000002   PAD
    0x08001610   0x08001610   0x00000020   Data   RO         1086    Region$$Table       anon$$obj.o


    Execution Region ER_RW (Exec base: 0x20000000, Load base: 0x08001630, Size: 0x00000fc0, Max: 0xffffffff, ABSOLUTE, COMPRESSED[0x0000072c])

    Exec Addr    Load Addr    Size         Type   Attr      Idx    E Section Name        Object

    0x20000000   COMPRESSED   0x00000fbe   Data   RW           10    .data               main.o


    Execution Region ER_ZI (Exec base: 0x20000fc0, Load base: 0x08001d5c, Size: 0x00000660, Max: 0xffffffff, ABSOLUTE)

    Exec Addr    Load Addr    Size         Type   Attr      Idx    E Section Name        Object

    0x20000fc0        -       0x00000060   Zero   RW          960    .bss                c_w.l(libspace.o)
    0x20001020        -       0x00000200   Zero   RW          842    HEAP                startup_stm32f10x_md.o
    0x20001220        -       0x00000400   Zero   RW          841    STACK               startup_stm32f10x_md.o


==============================================================================

Image component sizes


      Code (inc. data)   RO Data    RW Data    ZI Data      Debug   Object Name

       374          0          0          0          0       3564   at24c_drive.o
      1024         62          0          0          0      10116   data_logger.o
       394         16          0          0          0       4406   ds3231_drive.o
       268         28          0          0          0       2065   gp_drive.o
       186          0          0          0          0       3017   help_func.o
       756         54          0          0          0       3708   i2c_drive.o
       546         32          0       4030          0       9581   main.o
       560         36        480          0          0       6993   oled_drive.o
        64         26        236          0       1536        880   startup_stm32f10x_md.o
       328         28          0          0          0       2353   system_stm32f10x.o
        78          6          0          0          0       1483   systick_time.o

    ----------------------------------------------------------------------
      4588        288        750       4032       1536      48166   Object Totals
         0          0         32          0          0          0   (incl. Generated)
        10          0          2          2          0          0   (incl. Padding)

    ----------------------------------------------------------------------

      Code (inc. data)   RO Data    RW Data    ZI Data      Debug   Library Member Name

        90          0          0          0          0          0   __dczerorl2.o
         8          0          0          0          0         68   __main.o
         0          0          0          0          0          0   __rtentry.o
        12          0          0          0          0          0   __rtentry2.o
         6          0          0          0          0          0   __rtentry4.o
        52          8          0          0          0          0   __scatter.o
        28          0          0          0          0          0   __scatter_zi.o
        18          0          0          0          0         80   exit.o
         6          0          0          0          0        152   heapauxi.o
         0          0          0          0          0          0   indicate_semi.o
         2          0          0          0          0          0   libinit.o
         2          0          0          0          0          0   libinit2.o
         2          0          0          0          0          0   libshutdown.o
         2          0          0          0          0          0   libshutdown2.o
         8          4          0          0         96         68   libspace.o
         2          0          0          0          0          0   rtexit.o
        10          0          0          0          0          0   rtexit2.o
        12          4          0          0          0         68   sys_exit.o
        74          0          0          0          0         80   sys_stackheap_outer.o
         2          0          0          0          0         68   use_no_semi.o

    ----------------------------------------------------------------------
       342         16          0          0         96        584   Library Totals
         6          0          0          0          0          0   (incl. Padding)

    ----------------------------------------------------------------------

      Code (inc. data)   RO Data    RW Data    ZI Data      Debug   Library Name

       336         16          0          0         96        584   c_w.l

    ----------------------------------------------------------------------
       342         16          0          0         96        584   Library Totals

    ----------------------------------------------------------------------

==============================================================================


      Code (inc. data)   RO Data    RW Data    ZI Data      Debug   

      4930        304        750       4032       1632      45574   Grand Totals
      4930        304        750       1836       1632      45574   ELF Image Totals (compressed)
      4930        304        750       1836          0          0   ROM Totals

==============================================================================

    Total RO  Size (Code + RO Data)                 5680 (   5.55kB)
    Total RW  Size (RW Data + ZI Data)              5664 (   5.53kB)
    Total ROM Size (Code + RO Data + RW Data)       7516 (   7.34kB)

==============================================================================

